Archive member included to satisfy reference by file (symbol)

C:/ST/STM32CubeIDE_1.16.1/STM32CubeIDE/plugins/com.st.stm32cube.ide.mcu.externaltools.gnu-tools-for-stm32.12.3.rel1.win32_1.1.0.202410251130/tools/bin/../lib/gcc/arm-none-eabi/12.3.1/../../../../arm-none-eabi/lib/thumb/v7e-m+dp/hard\libc_nano.a(libc_a-exit.o)
                              C:/ST/STM32CubeIDE_1.16.1/STM32CubeIDE/plugins/com.st.stm32cube.ide.mcu.externaltools.gnu-tools-for-stm32.12.3.rel1.win32_1.1.0.202410251130/tools/bin/../lib/gcc/arm-none-eabi/12.3.1/../../../../arm-none-eabi/lib/thumb/v7e-m+dp/hard/crt0.o (exit)
C:/ST/STM32CubeIDE_1.16.1/STM32CubeIDE/plugins/com.st.stm32cube.ide.mcu.externaltools.gnu-tools-for-stm32.12.3.rel1.win32_1.1.0.202410251130/tools/bin/../lib/gcc/arm-none-eabi/12.3.1/../../../../arm-none-eabi/lib/thumb/v7e-m+dp/hard\libc_nano.a(libc_a-findfp.o)
                              C:/ST/STM32CubeIDE_1.16.1/STM32CubeIDE/plugins/com.st.stm32cube.ide.mcu.externaltools.gnu-tools-for-stm32.12.3.rel1.win32_1.1.0.202410251130/tools/bin/../lib/gcc/arm-none-eabi/12.3.1/../../../../arm-none-eabi/lib/thumb/v7e-m+dp/hard\libc_nano.a(libc_a-exit.o) (__stdio_exit_handler)
C:/ST/STM32CubeIDE_1.16.1/STM32CubeIDE/plugins/com.st.stm32cube.ide.mcu.externaltools.gnu-tools-for-stm32.12.3.rel1.win32_1.1.0.202410251130/tools/bin/../lib/gcc/arm-none-eabi/12.3.1/../../../../arm-none-eabi/lib/thumb/v7e-m+dp/hard\libc_nano.a(libc_a-fwalk.o)
                              C:/ST/STM32CubeIDE_1.16.1/STM32CubeIDE/plugins/com.st.stm32cube.ide.mcu.externaltools.gnu-tools-for-stm32.12.3.rel1.win32_1.1.0.202410251130/tools/bin/../lib/gcc/arm-none-eabi/12.3.1/../../../../arm-none-eabi/lib/thumb/v7e-m+dp/hard\libc_nano.a(libc_a-findfp.o) (_fwalk_sglue)
C:/ST/STM32CubeIDE_1.16.1/STM32CubeIDE/plugins/com.st.stm32cube.ide.mcu.externaltools.gnu-tools-for-stm32.12.3.rel1.win32_1.1.0.202410251130/tools/bin/../lib/gcc/arm-none-eabi/12.3.1/../../../../arm-none-eabi/lib/thumb/v7e-m+dp/hard\libc_nano.a(libc_a-sprintf.o)
                              ./Core/Src/main.o (sprintf)
C:/ST/STM32CubeIDE_1.16.1/STM32CubeIDE/plugins/com.st.stm32cube.ide.mcu.externaltools.gnu-tools-for-stm32.12.3.rel1.win32_1.1.0.202410251130/tools/bin/../lib/gcc/arm-none-eabi/12.3.1/../../../../arm-none-eabi/lib/thumb/v7e-m+dp/hard\libc_nano.a(libc_a-stdio.o)
                              C:/ST/STM32CubeIDE_1.16.1/STM32CubeIDE/plugins/com.st.stm32cube.ide.mcu.externaltools.gnu-tools-for-stm32.12.3.rel1.win32_1.1.0.202410251130/tools/bin/../lib/gcc/arm-none-eabi/12.3.1/../../../../arm-none-eabi/lib/thumb/v7e-m+dp/hard\libc_nano.a(libc_a-findfp.o) (__sread)
C:/ST/STM32CubeIDE_1.16.1/STM32CubeIDE/plugins/com.st.stm32cube.ide.mcu.externaltools.gnu-tools-for-stm32.12.3.rel1.win32_1.1.0.202410251130/tools/bin/../lib/gcc/arm-none-eabi/12.3.1/../../../../arm-none-eabi/lib/thumb/v7e-m+dp/hard\libc_nano.a(libc_a-memset.o)
                              C:/ST/STM32CubeIDE_1.16.1/STM32CubeIDE/plugins/com.st.stm32cube.ide.mcu.externaltools.gnu-tools-for-stm32.12.3.rel1.win32_1.1.0.202410251130/tools/bin/../lib/gcc/arm-none-eabi/12.3.1/../../../../arm-none-eabi/lib/thumb/v7e-m+dp/hard/crt0.o (memset)
C:/ST/STM32CubeIDE_1.16.1/STM32CubeIDE/plugins/com.st.stm32cube.ide.mcu.externaltools.gnu-tools-for-stm32.12.3.rel1.win32_1.1.0.202410251130/tools/bin/../lib/gcc/arm-none-eabi/12.3.1/../../../../arm-none-eabi/lib/thumb/v7e-m+dp/hard\libc_nano.a(libc_a-closer.o)
                              C:/ST/STM32CubeIDE_1.16.1/STM32CubeIDE/plugins/com.st.stm32cube.ide.mcu.externaltools.gnu-tools-for-stm32.12.3.rel1.win32_1.1.0.202410251130/tools/bin/../lib/gcc/arm-none-eabi/12.3.1/../../../../arm-none-eabi/lib/thumb/v7e-m+dp/hard\libc_nano.a(libc_a-stdio.o) (_close_r)
C:/ST/STM32CubeIDE_1.16.1/STM32CubeIDE/plugins/com.st.stm32cube.ide.mcu.externaltools.gnu-tools-for-stm32.12.3.rel1.win32_1.1.0.202410251130/tools/bin/../lib/gcc/arm-none-eabi/12.3.1/../../../../arm-none-eabi/lib/thumb/v7e-m+dp/hard\libc_nano.a(libc_a-reent.o)
                              C:/ST/STM32CubeIDE_1.16.1/STM32CubeIDE/plugins/com.st.stm32cube.ide.mcu.externaltools.gnu-tools-for-stm32.12.3.rel1.win32_1.1.0.202410251130/tools/bin/../lib/gcc/arm-none-eabi/12.3.1/../../../../arm-none-eabi/lib/thumb/v7e-m+dp/hard\libc_nano.a(libc_a-closer.o) (errno)
C:/ST/STM32CubeIDE_1.16.1/STM32CubeIDE/plugins/com.st.stm32cube.ide.mcu.externaltools.gnu-tools-for-stm32.12.3.rel1.win32_1.1.0.202410251130/tools/bin/../lib/gcc/arm-none-eabi/12.3.1/../../../../arm-none-eabi/lib/thumb/v7e-m+dp/hard\libc_nano.a(libc_a-impure.o)
                              C:/ST/STM32CubeIDE_1.16.1/STM32CubeIDE/plugins/com.st.stm32cube.ide.mcu.externaltools.gnu-tools-for-stm32.12.3.rel1.win32_1.1.0.202410251130/tools/bin/../lib/gcc/arm-none-eabi/12.3.1/../../../../arm-none-eabi/lib/thumb/v7e-m+dp/hard\libc_nano.a(libc_a-sprintf.o) (_impure_ptr)
[...]
Memory Configuration

Name             Origin             Length             Attributes
RAM              0x20000000         0x00080000         xrw
FLASH            0x08000000         0x00200000         xr
*default*        0x00000000         0xffffffff

Linker script and memory map

LOAD C:/ST/STM32CubeIDE_1.16.1/STM32CubeIDE/plugins/com.st.stm32cube.ide.mcu.externaltools.gnu-tools-for-stm32.12.3.rel1.win32_1.1.0.202410251130/tools/bin/../lib/gcc/arm-none-eabi/12.3.1/thumb/v7e-m+dp/hard/crti.o
LOAD C:/ST/STM32CubeIDE_1.16.1/STM32CubeIDE/plugins/com.st.stm32cube.ide.mcu.externaltools.gnu-tools-for-stm32.12.3.rel1.win32_1.1.0.202410251130/tools/bin/../lib/gcc/arm-none-eabi/12.3.1/thumb/v7e-m+dp/hard/crtbegin.o
LOAD C:/ST/STM32CubeIDE_1.16.1/STM32CubeIDE/plugins/com.st.stm32cube.ide.mcu.externaltools.gnu-tools-for-stm32.12.3.rel1.win32_1.1.0.202410251130/tools/bin/../lib/gcc/arm-none-eabi/12.3.1/../../../../arm-none-eabi/lib/thumb/v7e-m+dp/hard/crt0.o
LOAD ./Core/Src/main.o
LOAD ./Core/Src/stm32f7xx_hal_msp.o
LOAD ./Core/Src/stm32f7xx_it.o
LOAD ./Core/Src/syscalls.o
LOAD ./Core/Src/sysmem.o
LOAD ./Core/Src/system_stm32f7xx.o
LOAD ./Core/Startup/startup_stm32f767zitx.o
LOAD ./Drivers/STM32F7xx_HAL_Driver/Src/stm32f7xx_hal.o
LOAD ./Drivers/STM32F7xx_HAL_Driver/Src/stm32f7xx_hal_adc.o
LOAD ./Drivers/STM32F7xx_HAL_Driver/Src/stm32f7xx_hal_adc_ex.o
LOAD ./Drivers/STM32F7xx_HAL_Driver/Src/stm32f7xx_hal_cortex.o
LOAD ./Drivers/STM32F7xx_HAL_Driver/Src/stm32f7xx_hal_dac.o
LOAD ./Drivers/STM32F7xx_HAL_Driver/Src/stm32f7xx_hal_dac_ex.o
LOAD ./Drivers/STM32F7xx_HAL_Driver/Src/stm32f7xx_hal_dma.o
LOAD ./Drivers/STM32F7xx_HAL_Driver/Src/stm32f7xx_hal_dma_ex.o
LOAD ./Drivers/STM32F7xx_HAL_Driver/Src/stm32f7xx_hal_exti.o
LOAD ./Drivers/STM32F7xx_HAL_Driver/Src/stm32f7xx_hal_flash.o
LOAD ./Drivers/STM32F7xx_HAL_Driver/Src/stm32f7xx_hal_flash_ex.o
LOAD ./Drivers/STM32F7xx_HAL_Driver/Src/stm32f7xx_hal_gpio.o
LOAD ./Drivers/STM32F7xx_HAL_Driver/Src/stm32f7xx_hal_i2c.o
LOAD ./Drivers/STM32F7xx_HAL_Driver/Src/stm32f7xx_hal_i2c_ex.o
LOAD ./Drivers/STM32F7xx_HAL_Driver/Src/stm32f7xx_hal_pwr.o
LOAD ./Drivers/STM32F7xx_HAL_Driver/Src/stm32f7xx_hal_pwr_ex.o
LOAD ./Drivers/STM32F7xx_HAL_Driver/Src/stm32f7xx_hal_rcc.o
LOAD ./Drivers/STM32F7xx_HAL_Driver/Src/stm32f7xx_hal_rcc_ex.o
LOAD ./Drivers/STM32F7xx_HAL_Driver/Src/stm32f7xx_hal_tim.o
LOAD ./Drivers/STM32F7xx_HAL_Driver/Src/stm32f7xx_hal_tim_ex.o
LOAD ./Drivers/STM32F7xx_HAL_Driver/Src/stm32f7xx_hal_uart.o
LOAD ./Drivers/STM32F7xx_HAL_Driver/Src/stm32f7xx_hal_uart_ex.o
START GROUP
LOAD C:/ST/STM32CubeIDE_1.16.1/STM32CubeIDE/plugins/com.st.stm32cube.ide.mcu.externaltools.gnu-tools-for-stm32.12.3.rel1.win32_1.1.0.202410251130/tools/bin/../lib/gcc/arm-none-eabi/12.3.1/../../../../arm-none-eabi/lib/thumb/v7e-m+dp/hard\libc_nano.a
LOAD C:/ST/STM32CubeIDE_1.16.1/STM32CubeIDE/plugins/com.st.stm32cube.ide.mcu.externaltools.gnu-tools-for-stm32.12.3.rel1.win32_1.1.0.202410251130/tools/bin/../lib/gcc/arm-none-eabi/12.3.1/../../../../arm-none-eabi/lib/thumb/v7e-m+dp/hard\libm.a
END GROUP
START GROUP
LOAD C:/ST/STM32CubeIDE_1.16.1/STM32CubeIDE/plugins/com.st.stm32cube.ide.mcu.externaltools.gnu-tools-for-stm32.12.3.rel1.win32_1.1.0.202410251130/tools/bin/../lib/gcc/arm-none-eabi/12.3.1/thumb/v7e-m+dp/hard\libgcc.a
LOAD C:/ST/STM32CubeIDE_1.16.1/STM32CubeIDE/plugins/com.st.stm32cube.ide.mcu.externaltools.gnu-tools-for-stm32.12.3.rel1.win32_1.1.0.202410251130/tools/bin/../lib/gcc/arm-none-eabi/12.3.1/../../../../arm-none-eabi/lib/thumb/v7e-m+dp/hard\libc_nano.a
END GROUP
START GROUP
LOAD C:/ST/STM32CubeIDE_1.16.1/STM32CubeIDE/plugins/com.st.stm32cube.ide.mcu.externaltools.gnu-tools-for-stm32.12.3.rel1.win32_1.1.0.202410251130/tools/bin/../lib/gcc/arm-none-eabi/12.3.1/thumb/v7e-m+dp/hard\libgcc.a
LOAD C:/ST/STM32CubeIDE_1.16.1/STM32CubeIDE/plugins/com.st.stm32cube.ide.mcu.externaltools.gnu-tools-for-stm32.12.3.rel1.win32_1.1.0.202410251130/tools/bin/../lib/gcc/arm-none-eabi/12.3.1/../../../../arm-none-eabi/lib/thumb/v7e-m+dp/hard\libc_nano.a
LOAD C:/ST/STM32CubeIDE_1.16.1/STM32CubeIDE/plugins/com.st.stm32cube.ide.mcu.externaltools.gnu-tools-for-stm32.12.3.rel1.win32_1.1.0.202410251130/tools/bin/../lib/gcc/arm-none-eabi/12.3.1/../../../../arm-none-eabi/lib/thumb/v7e-m+dp/hard\libnosys.a
END GROUP
START GROUP
LOAD C:/ST/STM32CubeIDE_1.16.1/STM32CubeIDE/plugins/com.st.stm32cube.ide.mcu.externaltools.gnu-tools-for-stm32.12.3.rel1.win32_1.1.0.202410251130/tools/bin/../lib/gcc/arm-none-eabi/12.3.1/thumb/v7e-m+dp/hard\libgcc.a
LOAD C:/ST/STM32CubeIDE_1.16.1/STM32CubeIDE/plugins/com.st.stm32cube.ide.mcu.externaltools.gnu-tools-for-stm32.12.3.rel1.win32_1.1.0.202410251130/tools/bin/../lib/gcc/arm-none-eabi/12.3.1/../../../../arm-none-eabi/lib/thumb/v7e-m+dp/hard\libc_nano.a
LOAD C:/ST/STM32CubeIDE_1.16.1/STM32CubeIDE/plugins/com.st.stm32cube.ide.mcu.externaltools.gnu-tools-for-stm32.12.3.rel1.win32_1.1.0.202410251130/tools/bin/../lib/gcc/arm-none-eabi/12.3.1/../../../../arm-none-eabi/lib/thumb/v7e-m+dp/hard\libnosys.a
END GROUP
LOAD C:/ST/STM32CubeIDE_1.16.1/STM32CubeIDE/plugins/com.st.stm32cube.ide.mcu.externaltools.gnu-tools-for-stm32.12.3.rel1.win32_1.1.0.202410251130/tools/bin/../lib/gcc/arm-none-eabi/12.3.1/thumb/v7e-m+dp/hard/crtend.o
LOAD C:/ST/STM32CubeIDE_1.16.1/STM32CubeIDE/plugins/com.st.stm32cube.ide.mcu.externaltools.gnu-tools-for-stm32.12.3.rel1.win32_1.1.0.202410251130/tools/bin/../lib/gcc/arm-none-eabi/12.3.1/thumb/v7e-m+dp/hard/crtn.o
                0x20080000                        _estack = (ORIGIN (RAM) + LENGTH (RAM))
                0x00000200                        _Min_Heap_Size = 0x200
                0x00000400                        _Min_Stack_Size = 0x400

.isr_vector     0x08000000      0x1f8
                0x08000000                        . = ALIGN (0x4)
 *(.isr_vector)
 .isr_vector    0x08000000      0x1f8 ./Core/Startup/startup_stm32f767zitx.o
                0x08000000                g_pfnVectors
                0x080001f8                        . = ALIGN (0x4)

.text           0x08000200     0x7be0
                0x08000200                        . = ALIGN (0x4)
 *(.text)
 .text          0x08000200       0x40 C:/ST/STM32CubeIDE_1.16.1/STM32CubeIDE/plugins/com.st.stm32cube.ide.mcu.externaltools.gnu-tools-for-stm32.12.3.rel1.win32_1.1.0.202410251130/tools/bin/../lib/gcc/arm-none-eabi/12.3.1/thumb/v7e-m+dp/hard/crtbegin.o
 .text          0x08000240       0xa0 C:/ST/STM32CubeIDE_1.16.1/STM32CubeIDE/plugins/com.st.stm32cube.ide.mcu.externaltools.gnu-tools-for-stm32.12.3.rel1.win32_1.1.0.202410251130/tools/bin/../lib/gcc/arm-none-eabi/12.3.1/../../../../arm-none-eabi/lib/thumb/v7e-m+dp/hard\libc_nano.a(libc_a-memchr.o)
                0x08000240                memchr
 .text          0x080002e0       0x30 C:/ST/STM32CubeIDE_1.16.1/STM32CubeIDE/plugins/com.st.stm32cube.ide.mcu.externaltools.gnu-tools-for-stm32.12.3.rel1.win32_1.1.0.202410251130/tools/bin/../lib/gcc/arm-none-eabi/12.3.1/thumb/v7e-m+dp/hard\libgcc.a(_aeabi_uldivmod.o)
                0x080002e0                __aeabi_uldivmod
 .text          0x08000310      0x2bc C:/ST/STM32CubeIDE_1.16.1/STM32CubeIDE/plugins/com.st.stm32cube.ide.mcu.externaltools.gnu-tools-for-stm32.12.3.rel1.win32_1.1.0.202410251130/tools/bin/../lib/gcc/arm-none-eabi/12.3.1/thumb/v7e-m+dp/hard\libgcc.a(_udivmoddi4.o)
                0x08000310                __udivmoddi4
 .text          0x080005cc        0x4 C:/ST/STM32CubeIDE_1.16.1/STM32CubeIDE/plugins/com.st.stm32cube.ide.mcu.externaltools.gnu-tools-for-stm32.12.3.rel1.win32_1.1.0.202410251130/tools/bin/../lib/gcc/arm-none-eabi/12.3.1/thumb/v7e-m+dp/hard\libgcc.a(_dvmd_tls.o)
                0x080005cc                __aeabi_idiv0
                0x080005cc                __aeabi_ldiv0
 *(.text*)
 .text.LPF      0x080005d0      0x1d8 ./Core/Src/main.o
                0x080005d0                LPF
 .text.Notch    0x080007a8      0x1b0 ./Core/Src/main.o
                0x080007a8                Notch
 .text.PEAK     0x08000958      0x200 ./Core/Src/main.o
                0x08000958                PEAK
 .text.HPF      0x08000b58      0x1d8 ./Core/Src/main.o
                0x08000b58                HPF
 .text.Delay    0x08000d30      0x138 ./Core/Src/main.o
                0x08000d30                Delay
 .text.buttonDebouncer
                0x08000e68       0xa8 ./Core/Src/main.o
                0x08000e68                buttonDebouncer
 .text.ProcessFilters
                0x08000f10      0x2dc ./Core/Src/main.o
                0x08000f10                ProcessFilters
 .text.reverb   0x080011ec      0x40c ./Core/Src/main.o
                0x080011ec                reverb
 .text.FilterToggle
                0x080015f8      0x3d0 ./Core/Src/main.o
                0x080015f8                FilterToggle
 .text.HAL_TIM_PeriodElapsedCallback
                0x080019c8       0x60 ./Core/Src/main.o
                0x080019c8                HAL_TIM_PeriodElapsedCallback
 .text.HAL_ADC_ConvCpltCallback
                0x08001a28       0xfc ./Core/Src/main.o
                0x08001a28                HAL_ADC_ConvCpltCallback
 .text.main     0x08001b24       0xa0 ./Core/Src/main.o
                0x08001b24                main
 .text.SystemClock_Config
                0x08001bc4       0xe0 ./Core/Src/main.o
                0x08001bc4                SystemClock_Config
 .text.MX_ADC1_Init
                0x08001ca4       0xa4 ./Core/Src/main.o
 .text.MX_DAC_Init
                0x08001d48       0x54 ./Core/Src/main.o
 .text.MX_TIM1_Init
                0x08001d9c       0xb8 ./Core/Src/main.o
 .text.MX_TIM2_Init
                0x08001e54       0xac ./Core/Src/main.o
 .text.MX_TIM3_Init
                0x08001f00       0xac ./Core/Src/main.o
 .text.MX_TIM4_Init
                0x08001fac       0xac ./Core/Src/main.o
 .text.MX_TIM6_Init
                0x08002058       0x70 ./Core/Src/main.o
 .text.MX_TIM8_Init
                0x080020c8       0xa4 ./Core/Src/main.o
 .text.MX_USART3_UART_Init
                0x0800216c       0x60 ./Core/Src/main.o
 .text.MX_GPIO_Init
                0x080021cc      0x224 ./Core/Src/main.o
 .text.Error_Handler
                0x080023f0        0xc ./Core/Src/main.o
                0x080023f0                Error_Handler
 .text.HAL_MspInit
                0x080023fc       0x54 ./Core/Src/stm32f7xx_hal_msp.o
                0x080023fc                HAL_MspInit
 .text.HAL_ADC_MspInit
                0x08002450       0x90 ./Core/Src/stm32f7xx_hal_msp.o
                0x08002450                HAL_ADC_MspInit
 .text.HAL_DAC_MspInit
                0x080024e0       0x90 ./Core/Src/stm32f7xx_hal_msp.o
                0x080024e0                HAL_DAC_MspInit
 .text.HAL_TIM_Encoder_MspInit
                0x08002570      0x1b0 ./Core/Src/stm32f7xx_hal_msp.o
                0x08002570                HAL_TIM_Encoder_MspInit
 .text.HAL_TIM_Base_MspInit
                0x08002720       0x74 ./Core/Src/stm32f7xx_hal_msp.o
                0x08002720                HAL_TIM_Base_MspInit
 .text.HAL_UART_MspInit
                0x08002794       0xc0 ./Core/Src/stm32f7xx_hal_msp.o
                0x08002794                HAL_UART_MspInit
 .text.NMI_Handler
                0x08002854        0x8 ./Core/Src/stm32f7xx_it.o
                0x08002854                NMI_Handler
 .text.HardFault_Handler
                0x0800285c        0x8 ./Core/Src/stm32f7xx_it.o
                0x0800285c                HardFault_Handler
 .text.MemManage_Handler
                0x08002864        0x8 ./Core/Src/stm32f7xx_it.o
                0x08002864                MemManage_Handler
 .text.BusFault_Handler
                0x0800286c        0x8 ./Core/Src/stm32f7xx_it.o
                0x0800286c                BusFault_Handler
 .text.UsageFault_Handler
                0x08002874        0x8 ./Core/Src/stm32f7xx_it.o
                0x08002874                UsageFault_Handler
 .text.SVC_Handler
                0x0800287c        0xe ./Core/Src/stm32f7xx_it.o
                0x0800287c                SVC_Handler
 .text.DebugMon_Handler
                0x0800288a        0xe ./Core/Src/stm32f7xx_it.o
                0x0800288a                DebugMon_Handler
 .text.PendSV_Handler
                0x08002898        0xe ./Core/Src/stm32f7xx_it.o
                0x08002898                PendSV_Handler
 .text.SysTick_Handler
                0x080028a6        0xc ./Core/Src/stm32f7xx_it.o
                0x080028a6                SysTick_Handler
 .text.RCC_IRQHandler
                0x080028b2        0xe ./Core/Src/stm32f7xx_it.o
                0x080028b2                RCC_IRQHandler
 .text.ADC_IRQHandler
                0x080028c0       0x14 ./Core/Src/stm32f7xx_it.o
                0x080028c0                ADC_IRQHandler
 .text.TIM6_DAC_IRQHandler
                0x080028d4       0x1c ./Core/Src/stm32f7xx_it.o
                0x080028d4                TIM6_DAC_IRQHandler
 .text._sbrk    0x080028f0       0x6c ./Core/Src/sysmem.o
                0x080028f0                _sbrk
 .text.SystemInit
                0x0800295c       0x24 ./Core/Src/system_stm32f7xx.o
                0x0800295c                SystemInit
 .text.Reset_Handler
                0x08002980       0x50 ./Core/Startup/startup_stm32f767zitx.o
                0x08002980                Reset_Handler
 .text.Default_Handler
                0x080029d0        0x2 ./Core/Startup/startup_stm32f767zitx.o
                0x080029d0                RTC_Alarm_IRQHandler
                0x080029d0                EXTI2_IRQHandler
                0x080029d0                TIM8_CC_IRQHandler
                0x080029d0                UART8_IRQHandler
                0x080029d0                SPI4_IRQHandler
                0x080029d0                TIM1_CC_IRQHandler
                0x080029d0                DMA2_Stream5_IRQHandler
                0x080029d0                JPEG_IRQHandler
                0x080029d0                DMA1_Stream5_IRQHandler
                0x080029d0                CAN3_RX1_IRQHandler
                0x080029d0                PVD_IRQHandler
                0x080029d0                TAMP_STAMP_IRQHandler
                0x080029d0                CAN2_RX1_IRQHandler
                0x080029d0                EXTI3_IRQHandler
                0x080029d0                TIM8_TRG_COM_TIM14_IRQHandler
                0x080029d0                DFSDM1_FLT1_IRQHandler
                0x080029d0                TIM1_UP_TIM10_IRQHandler
                0x080029d0                TIM8_UP_TIM13_IRQHandler
                0x080029d0                I2C3_ER_IRQHandler
                0x080029d0                DFSDM1_FLT2_IRQHandler
                0x080029d0                EXTI0_IRQHandler
                0x080029d0                I2C2_EV_IRQHandler
                0x080029d0                DMA1_Stream2_IRQHandler
                0x080029d0                CAN1_RX0_IRQHandler
                0x080029d0                FPU_IRQHandler
                0x080029d0                OTG_HS_WKUP_IRQHandler
                0x080029d0                CAN3_SCE_IRQHandler
                0x080029d0                LTDC_ER_IRQHandler
                0x080029d0                CAN2_SCE_IRQHandler
                0x080029d0                DMA2_Stream2_IRQHandler
                0x080029d0                SPI1_IRQHandler
                0x080029d0                TIM1_BRK_TIM9_IRQHandler
                0x080029d0                DCMI_IRQHandler
                0x080029d0                CAN2_RX0_IRQHandler
                0x080029d0                DMA2_Stream3_IRQHandler
                0x080029d0                SAI2_IRQHandler
                0x080029d0                DFSDM1_FLT3_IRQHandler
                0x080029d0                USART6_IRQHandler
                0x080029d0                CAN3_RX0_IRQHandler
                0x080029d0                USART3_IRQHandler
                0x080029d0                CAN1_RX1_IRQHandler
                0x080029d0                UART5_IRQHandler
                0x080029d0                DMA2_Stream0_IRQHandler
                0x080029d0                TIM4_IRQHandler
                0x080029d0                QUADSPI_IRQHandler
                0x080029d0                I2C1_EV_IRQHandler
                0x080029d0                DMA1_Stream6_IRQHandler
                0x080029d0                DMA1_Stream1_IRQHandler
                0x080029d0                UART4_IRQHandler
                0x080029d0                TIM3_IRQHandler
                0x080029d0                TIM8_BRK_TIM12_IRQHandler
                0x080029d0                Default_Handler
                0x080029d0                CEC_IRQHandler
                0x080029d0                EXTI15_10_IRQHandler
                0x080029d0                DMA1_Stream7_IRQHandler
                0x080029d0                SPI5_IRQHandler
                0x080029d0                TIM7_IRQHandler
                0x080029d0                SDMMC1_IRQHandler
                0x080029d0                CAN2_TX_IRQHandler
                0x080029d0                TIM5_IRQHandler
                0x080029d0                DMA2_Stream7_IRQHandler
                0x080029d0                I2C3_EV_IRQHandler
                0x080029d0                EXTI9_5_IRQHandler
                0x080029d0                RTC_WKUP_IRQHandler
                0x080029d0                LTDC_IRQHandler
                0x080029d0                ETH_WKUP_IRQHandler
                0x080029d0                SPDIF_RX_IRQHandler
                0x080029d0                SPI2_IRQHandler
                0x080029d0                OTG_HS_EP1_IN_IRQHandler
                0x080029d0                DMA1_Stream0_IRQHandler
                0x080029d0                CAN1_TX_IRQHandler
                0x080029d0                EXTI4_IRQHandler
                0x080029d0                RNG_IRQHandler
                0x080029d0                ETH_IRQHandler
                0x080029d0                OTG_HS_EP1_OUT_IRQHandler
                0x080029d0                WWDG_IRQHandler
                0x080029d0                SPI6_IRQHandler
                0x080029d0                MDIOS_IRQHandler
                0x080029d0                I2C4_EV_IRQHandler
                0x080029d0                CAN3_TX_IRQHandler
                0x080029d0                TIM2_IRQHandler
                0x080029d0                OTG_FS_WKUP_IRQHandler
                0x080029d0                TIM1_TRG_COM_TIM11_IRQHandler
                0x080029d0                OTG_HS_IRQHandler
                0x080029d0                DMA2D_IRQHandler
                0x080029d0                EXTI1_IRQHandler
                0x080029d0                SDMMC2_IRQHandler
                0x080029d0                UART7_IRQHandler
                0x080029d0                USART2_IRQHandler
                0x080029d0                DFSDM1_FLT0_IRQHandler
                0x080029d0                I2C2_ER_IRQHandler
                0x080029d0                DMA2_Stream1_IRQHandler
                0x080029d0                CAN1_SCE_IRQHandler
                0x080029d0                FLASH_IRQHandler
                0x080029d0                DMA2_Stream4_IRQHandler
                0x080029d0                USART1_IRQHandler
                0x080029d0                OTG_FS_IRQHandler
                0x080029d0                SPI3_IRQHandler
                0x080029d0                DMA1_Stream4_IRQHandler
                0x080029d0                I2C1_ER_IRQHandler
                0x080029d0                FMC_IRQHandler
                0x080029d0                LPTIM1_IRQHandler
                0x080029d0                I2C4_ER_IRQHandler
                0x080029d0                DMA2_Stream6_IRQHandler
                0x080029d0                SAI1_IRQHandler
                0x080029d0                DMA1_Stream3_IRQHandler
 .text.HAL_Init
                0x080029d2       0x1a ./Drivers/STM32F7xx_HAL_Driver/Src/stm32f7xx_hal.o
                0x080029d2                HAL_Init
 .text.HAL_InitTick
                0x080029ec       0x60 ./Drivers/STM32F7xx_HAL_Driver/Src/stm32f7xx_hal.o
                0x080029ec                HAL_InitTick
 .text.HAL_IncTick
                0x08002a4c       0x28 ./Drivers/STM32F7xx_HAL_Driver/Src/stm32f7xx_hal.o
                0x08002a4c                HAL_IncTick
 .text.HAL_GetTick
                0x08002a74       0x18 ./Drivers/STM32F7xx_HAL_Driver/Src/stm32f7xx_hal.o
                0x08002a74                HAL_GetTick
 .text.HAL_ADC_Init
                0x08002a8c       0x88 ./Drivers/STM32F7xx_HAL_Driver/Src/stm32f7xx_hal_adc.o
                0x08002a8c                HAL_ADC_Init
 .text.HAL_ADC_Start_IT
                0x08002b14      0x1b0 ./Drivers/STM32F7xx_HAL_Driver/Src/stm32f7xx_hal_adc.o
                0x08002b14                HAL_ADC_Start_IT
 .text.HAL_ADC_IRQHandler
                0x08002cc4      0x220 ./Drivers/STM32F7xx_HAL_Driver/Src/stm32f7xx_hal_adc.o
                0x08002cc4                HAL_ADC_IRQHandler
 .text.HAL_ADC_GetValue
                0x08002ee4       0x1a ./Drivers/STM32F7xx_HAL_Driver/Src/stm32f7xx_hal_adc.o
                0x08002ee4                HAL_ADC_GetValue
 .text.HAL_ADC_LevelOutOfWindowCallback
                0x08002efe       0x14 ./Drivers/STM32F7xx_HAL_Driver/Src/stm32f7xx_hal_adc.o
                0x08002efe                HAL_ADC_LevelOutOfWindowCallback
 .text.HAL_ADC_ErrorCallback
                0x08002f12       0x14 ./Drivers/STM32F7xx_HAL_Driver/Src/stm32f7xx_hal_adc.o
                0x08002f12                HAL_ADC_ErrorCallback
 *fill*         0x08002f26        0x2 
 .text.HAL_ADC_ConfigChannel
                0x08002f28      0x2ac ./Drivers/STM32F7xx_HAL_Driver/Src/stm32f7xx_hal_adc.o
                0x08002f28                HAL_ADC_ConfigChannel
 .text.ADC_Init
                0x080031d4      0x1f4 ./Drivers/STM32F7xx_HAL_Driver/Src/stm32f7xx_hal_adc.o
 .text.HAL_ADCEx_InjectedConvCpltCallback
                0x080033c8       0x14 ./Drivers/STM32F7xx_HAL_Driver/Src/stm32f7xx_hal_adc_ex.o
                0x080033c8                HAL_ADCEx_InjectedConvCpltCallback
 .text.__NVIC_SetPriorityGrouping
                0x080033dc       0x48 ./Drivers/STM32F7xx_HAL_Driver/Src/stm32f7xx_hal_cortex.o
 .text.__NVIC_GetPriorityGrouping
                0x08003424       0x1c ./Drivers/STM32F7xx_HAL_Driver/Src/stm32f7xx_hal_cortex.o
 .text.__NVIC_EnableIRQ
                0x08003440       0x3c ./Drivers/STM32F7xx_HAL_Driver/Src/stm32f7xx_hal_cortex.o
 .text.__NVIC_SetPriority
                0x0800347c       0x54 ./Drivers/STM32F7xx_HAL_Driver/Src/stm32f7xx_hal_cortex.o
 .text.NVIC_EncodePriority
                0x080034d0       0x66 ./Drivers/STM32F7xx_HAL_Driver/Src/stm32f7xx_hal_cortex.o
 *fill*         0x08003536        0x2 
 .text.SysTick_Config
                0x08003538       0x44 ./Drivers/STM32F7xx_HAL_Driver/Src/stm32f7xx_hal_cortex.o
 .text.HAL_NVIC_SetPriorityGrouping
                0x0800357c       0x16 ./Drivers/STM32F7xx_HAL_Driver/Src/stm32f7xx_hal_cortex.o
                0x0800357c                HAL_NVIC_SetPriorityGrouping
 .text.HAL_NVIC_SetPriority
                0x08003592       0x38 ./Drivers/STM32F7xx_HAL_Driver/Src/stm32f7xx_hal_cortex.o
                0x08003592                HAL_NVIC_SetPriority
 .text.HAL_NVIC_EnableIRQ
                0x080035ca       0x1c ./Drivers/STM32F7xx_HAL_Driver/Src/stm32f7xx_hal_cortex.o
                0x080035ca                HAL_NVIC_EnableIRQ
 .text.HAL_SYSTICK_Config
                0x080035e6       0x18 ./Drivers/STM32F7xx_HAL_Driver/Src/stm32f7xx_hal_cortex.o
                0x080035e6                HAL_SYSTICK_Config
 .text.HAL_DAC_Init
                0x080035fe       0x44 ./Drivers/STM32F7xx_HAL_Driver/Src/stm32f7xx_hal_dac.o
                0x080035fe                HAL_DAC_Init
 .text.HAL_DAC_Start
                0x08003642       0xae ./Drivers/STM32F7xx_HAL_Driver/Src/stm32f7xx_hal_dac.o
                0x08003642                HAL_DAC_Start
 .text.HAL_DAC_IRQHandler
                0x080036f0       0xac ./Drivers/STM32F7xx_HAL_Driver/Src/stm32f7xx_hal_dac.o
                0x080036f0                HAL_DAC_IRQHandler
 .text.HAL_DAC_SetValue
                0x0800379c       0x54 ./Drivers/STM32F7xx_HAL_Driver/Src/stm32f7xx_hal_dac.o
                0x0800379c                HAL_DAC_SetValue
 .text.HAL_DAC_DMAUnderrunCallbackCh1
                0x080037f0       0x14 ./Drivers/STM32F7xx_HAL_Driver/Src/stm32f7xx_hal_dac.o
                0x080037f0                HAL_DAC_DMAUnderrunCallbackCh1
 .text.HAL_DAC_ConfigChannel
                0x08003804       0xb2 ./Drivers/STM32F7xx_HAL_Driver/Src/stm32f7xx_hal_dac.o
                0x08003804                HAL_DAC_ConfigChannel
 .text.HAL_DACEx_DMAUnderrunCallbackCh2
                0x080038b6       0x14 ./Drivers/STM32F7xx_HAL_Driver/Src/stm32f7xx_hal_dac_ex.o
                0x080038b6                HAL_DACEx_DMAUnderrunCallbackCh2
 *fill*         0x080038ca        0x2 
 .text.HAL_GPIO_Init
                0x080038cc      0x358 ./Drivers/STM32F7xx_HAL_Driver/Src/stm32f7xx_hal_gpio.o
                0x080038cc                HAL_GPIO_Init
 .text.HAL_GPIO_ReadPin
                0x08003c24       0x30 ./Drivers/STM32F7xx_HAL_Driver/Src/stm32f7xx_hal_gpio.o
                0x08003c24                HAL_GPIO_ReadPin
 .text.HAL_GPIO_WritePin
                0x08003c54       0x32 ./Drivers/STM32F7xx_HAL_Driver/Src/stm32f7xx_hal_gpio.o
                0x08003c54                HAL_GPIO_WritePin
 *fill*         0x08003c86        0x2 
 .text.HAL_I2CEx_EnableFastModePlus
                0x08003c88       0x40 ./Drivers/STM32F7xx_HAL_Driver/Src/stm32f7xx_hal_i2c_ex.o
                0x08003c88                HAL_I2CEx_EnableFastModePlus
 .text.HAL_PWR_EnableBkUpAccess
                0x08003cc8       0x20 ./Drivers/STM32F7xx_HAL_Driver/Src/stm32f7xx_hal_pwr.o
                0x08003cc8                HAL_PWR_EnableBkUpAccess
 .text.HAL_PWREx_EnableOverDrive
                0x08003ce8       0xa0 ./Drivers/STM32F7xx_HAL_Driver/Src/stm32f7xx_hal_pwr_ex.o
                0x08003ce8                HAL_PWREx_EnableOverDrive
 .text.HAL_RCC_OscConfig
                0x08003d88      0x55c ./Drivers/STM32F7xx_HAL_Driver/Src/stm32f7xx_hal_rcc.o
                0x08003d88                HAL_RCC_OscConfig
 .text.HAL_RCC_ClockConfig
                0x080042e4      0x1d8 ./Drivers/STM32F7xx_HAL_Driver/Src/stm32f7xx_hal_rcc.o
                0x080042e4                HAL_RCC_ClockConfig
 .text.HAL_RCC_GetSysClockFreq
                0x080044bc      0x20c ./Drivers/STM32F7xx_HAL_Driver/Src/stm32f7xx_hal_rcc.o
                0x080044bc                HAL_RCC_GetSysClockFreq
 .text.HAL_RCC_GetHCLKFreq
                0x080046c8       0x18 ./Drivers/STM32F7xx_HAL_Driver/Src/stm32f7xx_hal_rcc.o
                0x080046c8                HAL_RCC_GetHCLKFreq
 .text.HAL_RCC_GetPCLK1Freq
                0x080046e0       0x28 ./Drivers/STM32F7xx_HAL_Driver/Src/stm32f7xx_hal_rcc.o
                0x080046e0                HAL_RCC_GetPCLK1Freq
 .text.HAL_RCC_GetPCLK2Freq
                0x08004708       0x28 ./Drivers/STM32F7xx_HAL_Driver/Src/stm32f7xx_hal_rcc.o
                0x08004708                HAL_RCC_GetPCLK2Freq
 .text.HAL_RCCEx_PeriphCLKConfig
                0x08004730      0x850 ./Drivers/STM32F7xx_HAL_Driver/Src/stm32f7xx_hal_rcc_ex.o
                0x08004730                HAL_RCCEx_PeriphCLKConfig
 .text.HAL_TIM_Base_Init
                0x08004f80       0xae ./Drivers/STM32F7xx_HAL_Driver/Src/stm32f7xx_hal_tim.o
                0x08004f80                HAL_TIM_Base_Init
 *fill*         0x0800502e        0x2 
 .text.HAL_TIM_Base_Start
                0x08005030       0xe0 ./Drivers/STM32F7xx_HAL_Driver/Src/stm32f7xx_hal_tim.o
                0x08005030                HAL_TIM_Base_Start
 .text.HAL_TIM_Base_Start_IT
                0x08005110       0xf0 ./Drivers/STM32F7xx_HAL_Driver/Src/stm32f7xx_hal_tim.o
                0x08005110                HAL_TIM_Base_Start_IT
 .text.HAL_TIM_Encoder_Init
                0x08005200      0x14c ./Drivers/STM32F7xx_HAL_Driver/Src/stm32f7xx_hal_tim.o
                0x08005200                HAL_TIM_Encoder_Init
 .text.HAL_TIM_Encoder_Start
                0x0800534c      0x11c ./Drivers/STM32F7xx_HAL_Driver/Src/stm32f7xx_hal_tim.o
                0x0800534c                HAL_TIM_Encoder_Start
 .text.HAL_TIM_IRQHandler
                0x08005468      0x20e ./Drivers/STM32F7xx_HAL_Driver/Src/stm32f7xx_hal_tim.o
                0x08005468                HAL_TIM_IRQHandler
 *fill*         0x08005676        0x2 
 .text.HAL_TIM_ConfigClockSource
                0x08005678      0x194 ./Drivers/STM32F7xx_HAL_Driver/Src/stm32f7xx_hal_tim.o
                0x08005678                HAL_TIM_ConfigClockSource
 .text.HAL_TIM_OC_DelayElapsedCallback
                0x0800580c       0x14 ./Drivers/STM32F7xx_HAL_Driver/Src/stm32f7xx_hal_tim.o
                0x0800580c                HAL_TIM_OC_DelayElapsedCallback
 .text.HAL_TIM_IC_CaptureCallback
                0x08005820       0x14 ./Drivers/STM32F7xx_HAL_Driver/Src/stm32f7xx_hal_tim.o
                0x08005820                HAL_TIM_IC_CaptureCallback
 .text.HAL_TIM_PWM_PulseFinishedCallback
                0x08005834       0x14 ./Drivers/STM32F7xx_HAL_Driver/Src/stm32f7xx_hal_tim.o
                0x08005834                HAL_TIM_PWM_PulseFinishedCallback
 .text.HAL_TIM_TriggerCallback
                0x08005848       0x14 ./Drivers/STM32F7xx_HAL_Driver/Src/stm32f7xx_hal_tim.o
                0x08005848                HAL_TIM_TriggerCallback
 .text.TIM_Base_SetConfig
                0x0800585c      0x158 ./Drivers/STM32F7xx_HAL_Driver/Src/stm32f7xx_hal_tim.o
                0x0800585c                TIM_Base_SetConfig
 .text.TIM_TI1_ConfigInputStage
                0x080059b4       0x5e ./Drivers/STM32F7xx_HAL_Driver/Src/stm32f7xx_hal_tim.o
 .text.TIM_TI2_ConfigInputStage
                0x08005a12       0x60 ./Drivers/STM32F7xx_HAL_Driver/Src/stm32f7xx_hal_tim.o
 .text.TIM_ITRx_SetConfig
                0x08005a72       0x36 ./Drivers/STM32F7xx_HAL_Driver/Src/stm32f7xx_hal_tim.o
 .text.TIM_ETR_SetConfig
                0x08005aa8       0x40 ./Drivers/STM32F7xx_HAL_Driver/Src/stm32f7xx_hal_tim.o
                0x08005aa8                TIM_ETR_SetConfig
 .text.TIM_CCxChannelCmd
                0x08005ae8       0x4a ./Drivers/STM32F7xx_HAL_Driver/Src/stm32f7xx_hal_tim.o
                0x08005ae8                TIM_CCxChannelCmd
 *fill*         0x08005b32        0x2 
 .text.HAL_TIMEx_MasterConfigSynchronization
                0x08005b34      0x11c ./Drivers/STM32F7xx_HAL_Driver/Src/stm32f7xx_hal_tim_ex.o
                0x08005b34                HAL_TIMEx_MasterConfigSynchronization
 .text.HAL_TIMEx_CommutCallback
                0x08005c50       0x14 ./Drivers/STM32F7xx_HAL_Driver/Src/stm32f7xx_hal_tim_ex.o
                0x08005c50                HAL_TIMEx_CommutCallback
 .text.HAL_TIMEx_BreakCallback
                0x08005c64       0x14 ./Drivers/STM32F7xx_HAL_Driver/Src/stm32f7xx_hal_tim_ex.o
                0x08005c64                HAL_TIMEx_BreakCallback
 .text.HAL_TIMEx_Break2Callback
                0x08005c78       0x14 ./Drivers/STM32F7xx_HAL_Driver/Src/stm32f7xx_hal_tim_ex.o
                0x08005c78                HAL_TIMEx_Break2Callback
 .text.HAL_UART_Init
                0x08005c8c       0x9c ./Drivers/STM32F7xx_HAL_Driver/Src/stm32f7xx_hal_uart.o
                0x08005c8c                HAL_UART_Init
 .text.HAL_UART_Transmit_IT
                0x08005d28       0xbc ./Drivers/STM32F7xx_HAL_Driver/Src/stm32f7xx_hal_uart.o
                0x08005d28                HAL_UART_Transmit_IT
 .text.UART_SetConfig
                0x08005de4      0x4c8 ./Drivers/STM32F7xx_HAL_Driver/Src/stm32f7xx_hal_uart.o
                0x08005de4                UART_SetConfig
 .text.UART_AdvFeatureConfig
                0x080062ac      0x144 ./Drivers/STM32F7xx_HAL_Driver/Src/stm32f7xx_hal_uart.o
                0x080062ac                UART_AdvFeatureConfig
 .text.UART_CheckIdleState
                0x080063f0      0x150 ./Drivers/STM32F7xx_HAL_Driver/Src/stm32f7xx_hal_uart.o
                0x080063f0                UART_CheckIdleState
 .text.UART_WaitOnFlagUntilTimeout
                0x08006540       0xda ./Drivers/STM32F7xx_HAL_Driver/Src/stm32f7xx_hal_uart.o
                0x08006540                UART_WaitOnFlagUntilTimeout
 .text.UART_EndRxTransfer
                0x0800661a       0xc8 ./Drivers/STM32F7xx_HAL_Driver/Src/stm32f7xx_hal_uart.o
 .text.UART_TxISR_8BIT
                0x080066e2       0xb6 ./Drivers/STM32F7xx_HAL_Driver/Src/stm32f7xx_hal_uart.o
 .text.UART_TxISR_16BIT
                0x08006798       0xc0 ./Drivers/STM32F7xx_HAL_Driver/Src/stm32f7xx_hal_uart.o
 .text.sprintf  0x08006858       0x40 C:/ST/STM32CubeIDE_1.16.1/STM32CubeIDE/plugins/com.st.stm32cube.ide.mcu.externaltools.gnu-tools-for-stm32.12.3.rel1.win32_1.1.0.202410251130/tools/bin/../lib/gcc/arm-none-eabi/12.3.1/../../../../arm-none-eabi/lib/thumb/v7e-m+dp/hard\libc_nano.a(libc_a-sprintf.o)
                0x08006858                siprintf
                0x08006858                sprintf
 .text.memset   0x08006898       0x10 C:/ST/STM32CubeIDE_1.16.1/STM32CubeIDE/plugins/com.st.stm32cube.ide.mcu.externaltools.gnu-tools-for-stm32.12.3.rel1.win32_1.1.0.202410251130/tools/bin/../lib/gcc/arm-none-eabi/12.3.1/../../../../arm-none-eabi/lib/thumb/v7e-m+dp/hard\libc_nano.a(libc_a-memset.o)
                0x08006898                memset
 .text.__errno  0x080068a8        0xc C:/ST/STM32CubeIDE_1.16.1/STM32CubeIDE/plugins/com.st.stm32cube.ide.mcu.externaltools.gnu-tools-for-stm32.12.3.rel1.win32_1.1.0.202410251130/tools/bin/../lib/gcc/arm-none-eabi/12.3.1/../../../../arm-none-eabi/lib/thumb/v7e-m+dp/hard\libc_nano.a(libc_a-errno.o)
                0x080068a8                __errno
 .text.__libc_init_array
                0x080068b4       0x48 C:/ST/STM32CubeIDE_1.16.1/STM32CubeIDE/plugins/com.st.stm32cube.ide.mcu.externaltools.gnu-tools-for-stm32.12.3.rel1.win32_1.1.0.202410251130/tools/bin/../lib/gcc/arm-none-eabi/12.3.1/../../../../arm-none-eabi/lib/thumb/v7e-m+dp/hard\libc_nano.a(libc_a-init.o)
                0x080068b4                __libc_init_array
 .text.__retarget_lock_acquire_recursive
                0x080068fc        0x2 C:/ST/STM32CubeIDE_1.16.1/STM32CubeIDE/plugins/com.st.stm32cube.ide.mcu.externaltools.gnu-tools-for-stm32.12.3.rel1.win32_1.1.0.202410251130/tools/bin/../lib/gcc/arm-none-eabi/12.3.1/../../../../arm-none-eabi/lib/thumb/v7e-m+dp/hard\libc_nano.a(libc_a-lock.o)
                0x080068fc                __retarget_lock_acquire_recursive
 .text.__retarget_lock_release_recursive
                0x080068fe        0x2 C:/ST/STM32CubeIDE_1.16.1/STM32CubeIDE/plugins/com.st.stm32cube.ide.mcu.externaltools.gnu-tools-for-stm32.12.3.rel1.win32_1.1.0.202410251130/tools/bin/../lib/gcc/arm-none-eabi/12.3.1/../../../../arm-none-eabi/lib/thumb/v7e-m+dp/hard\libc_nano.a(libc_a-lock.o)
                0x080068fe                __retarget_lock_release_recursive
 .text._free_r  0x08006900       0x94 C:/ST/STM32CubeIDE_1.16.1/STM32CubeIDE/plugins/com.st.stm32cube.ide.mcu.externaltools.gnu-tools-for-stm32.12.3.rel1.win32_1.1.0.202410251130/tools/bin/../lib/gcc/arm-none-eabi/12.3.1/../../../../arm-none-eabi/lib/thumb/v7e-m+dp/hard\libc_nano.a(libc_a-freer.o)
                0x08006900                _free_r
 .text.sbrk_aligned
                0x08006994       0x44 C:/ST/STM32CubeIDE_1.16.1/STM32CubeIDE/plugins/com.st.stm32cube.ide.mcu.externaltools.gnu-tools-for-stm32.12.3.rel1.win32_1.1.0.202410251130/tools/bin/../lib/gcc/arm-none-eabi/12.3.1/../../../../arm-none-eabi/lib/thumb/v7e-m+dp/hard\libc_nano.a(libc_a-mallocr.o)
 .text._malloc_r
                0x080069d8      0x100 C:/ST/STM32CubeIDE_1.16.1/STM32CubeIDE/plugins/com.st.stm32cube.ide.mcu.externaltools.gnu-tools-for-stm32.12.3.rel1.win32_1.1.0.202410251130/tools/bin/../lib/gcc/arm-none-eabi/12.3.1/../../../../arm-none-eabi/lib/thumb/v7e-m+dp/hard\libc_nano.a(libc_a-mallocr.o)
                0x080069d8                _malloc_r
 .text.__malloc_lock
                0x08006ad8        0xc C:/ST/STM32CubeIDE_1.16.1/STM32CubeIDE/plugins/com.st.stm32cube.ide.mcu.externaltools.gnu-tools-for-stm32.12.3.rel1.win32_1.1.0.202410251130/tools/bin/../lib/gcc/arm-none-eabi/12.3.1/../../../../arm-none-eabi/lib/thumb/v7e-m+dp/hard\libc_nano.a(libc_a-mlock.o)
                0x08006ad8                __malloc_lock
 .text.__malloc_unlock
                0x08006ae4        0xc C:/ST/STM32CubeIDE_1.16.1/STM32CubeIDE/plugins/com.st.stm32cube.ide.mcu.externaltools.gnu-tools-for-stm32.12.3.rel1.win32_1.1.0.202410251130/tools/bin/../lib/gcc/arm-none-eabi/12.3.1/../../../../arm-none-eabi/lib/thumb/v7e-m+dp/hard\libc_nano.a(libc_a-mlock.o)
                0x08006ae4                __malloc_unlock
 .text.__ssputs_r
                0x08006af0       0xb6 C:/ST/STM32CubeIDE_1.16.1/STM32CubeIDE/plugins/com.st.stm32cube.ide.mcu.externaltools.gnu-tools-for-stm32.12.3.rel1.win32_1.1.0.202410251130/tools/bin/../lib/gcc/arm-none-eabi/12.3.1/../../../../arm-none-eabi/lib/thumb/v7e-m+dp/hard\libc_nano.a(libc_a-nano-svfprintf.o)
                0x08006af0                __ssputs_r
 *fill*         0x08006ba6        0x2 
 .text._svfprintf_r
                0x08006ba8      0x1f8 C:/ST/STM32CubeIDE_1.16.1/STM32CubeIDE/plugins/com.st.stm32cube.ide.mcu.externaltools.gnu-tools-for-stm32.12.3.rel1.win32_1.1.0.202410251130/tools/bin/../lib/gcc/arm-none-eabi/12.3.1/../../../../arm-none-eabi/lib/thumb/v7e-m+dp/hard\libc_nano.a(libc_a-nano-svfprintf.o)
                0x08006ba8                _svfiprintf_r
                0x08006ba8                _svfprintf_r
 .text._printf_common
                0x08006da0       0xda C:/ST/STM32CubeIDE_1.16.1/STM32CubeIDE/plugins/com.st.stm32cube.ide.mcu.externaltools.gnu-tools-for-stm32.12.3.rel1.win32_1.1.0.202410251130/tools/bin/../lib/gcc/arm-none-eabi/12.3.1/../../../../arm-none-eabi/lib/thumb/v7e-m+dp/hard\libc_nano.a(libc_a-nano-vfprintf_i.o)
                0x08006da0                _printf_common
 *fill*         0x08006e7a        0x2 
 .text._printf_i
                0x08006e7c      0x240 C:/ST/STM32CubeIDE_1.16.1/STM32CubeIDE/plugins/com.st.stm32cube.ide.mcu.externaltools.gnu-tools-for-stm32.12.3.rel1.win32_1.1.0.202410251130/tools/bin/../lib/gcc/arm-none-eabi/12.3.1/../../../../arm-none-eabi/lib/thumb/v7e-m+dp/hard\libc_nano.a(libc_a-nano-vfprintf_i.o)
                0x08006e7c                _printf_i
 .text.memmove  0x080070bc       0x34 C:/ST/STM32CubeIDE_1.16.1/STM32CubeIDE/plugins/com.st.stm32cube.ide.mcu.externaltools.gnu-tools-for-stm32.12.3.rel1.win32_1.1.0.202410251130/tools/bin/../lib/gcc/arm-none-eabi/12.3.1/../../../../arm-none-eabi/lib/thumb/v7e-m+dp/hard\libc_nano.a(libc_a-memmove.o)
                0x080070bc                memmove
 .text._sbrk_r  0x080070f0       0x20 C:/ST/STM32CubeIDE_1.16.1/STM32CubeIDE/plugins/com.st.stm32cube.ide.mcu.externaltools.gnu-tools-for-stm32.12.3.rel1.win32_1.1.0.202410251130/tools/bin/../lib/gcc/arm-none-eabi/12.3.1/../../../../arm-none-eabi/lib/thumb/v7e-m+dp/hard\libc_nano.a(libc_a-sbrkr.o)
                0x080070f0                _sbrk_r
 .text.memcpy   0x08007110       0x1c C:/ST/STM32CubeIDE_1.16.1/STM32CubeIDE/plugins/com.st.stm32cube.ide.mcu.externaltools.gnu-tools-for-stm32.12.3.rel1.win32_1.1.0.202410251130/tools/bin/../lib/gcc/arm-none-eabi/12.3.1/../../../../arm-none-eabi/lib/thumb/v7e-m+dp/hard\libc_nano.a(libc_a-memcpy-stub.o)
                0x08007110                memcpy
 .text._realloc_r
                0x0800712c       0x5c C:/ST/STM32CubeIDE_1.16.1/STM32CubeIDE/plugins/com.st.stm32cube.ide.mcu.externaltools.gnu-tools-for-stm32.12.3.rel1.win32_1.1.0.202410251130/tools/bin/../lib/gcc/arm-none-eabi/12.3.1/../../../../arm-none-eabi/lib/thumb/v7e-m+dp/hard\libc_nano.a(libc_a-reallocr.o)
                0x0800712c                _realloc_r
 .text._malloc_usable_size_r
                0x08007188       0x10 C:/ST/STM32CubeIDE_1.16.1/STM32CubeIDE/plugins/com.st.stm32cube.ide.mcu.externaltools.gnu-tools-for-stm32.12.3.rel1.win32_1.1.0.202410251130/tools/bin/../lib/gcc/arm-none-eabi/12.3.1/../../../../arm-none-eabi/lib/thumb/v7e-m+dp/hard\libc_nano.a(libc_a-msizer.o)
                0x08007188                _malloc_usable_size_r
 .text.cos      0x08007198       0x98 C:/ST/STM32CubeIDE_1.16.1/STM32CubeIDE/plugins/com.st.stm32cube.ide.mcu.externaltools.gnu-tools-for-stm32.12.3.rel1.win32_1.1.0.202410251130/tools/bin/../lib/gcc/arm-none-eabi/12.3.1/../../../../arm-none-eabi/lib/thumb/v7e-m+dp/hard\libm.a(libm_a-s_cos.o)
                0x08007198                cos
 .text.sin      0x08007230       0x98 C:/ST/STM32CubeIDE_1.16.1/STM32CubeIDE/plugins/com.st.stm32cube.ide.mcu.externaltools.gnu-tools-for-stm32.12.3.rel1.win32_1.1.0.202410251130/tools/bin/../lib/gcc/arm-none-eabi/12.3.1/../../../../arm-none-eabi/lib/thumb/v7e-m+dp/hard\libm.a(libm_a-s_sin.o)
                0x08007230                sin
 .text.__kernel_cos
                0x080072c8       0xd0 C:/ST/STM32CubeIDE_1.16.1/STM32CubeIDE/plugins/com.st.stm32cube.ide.mcu.externaltools.gnu-tools-for-stm32.12.3.rel1.win32_1.1.0.202410251130/tools/bin/../lib/gcc/arm-none-eabi/12.3.1/../../../../arm-none-eabi/lib/thumb/v7e-m+dp/hard\libm.a(libm_a-k_cos.o)
                0x080072c8                __kernel_cos
 .text.__kernel_sin
                0x08007398       0xb0 C:/ST/STM32CubeIDE_1.16.1/STM32CubeIDE/plugins/com.st.stm32cube.ide.mcu.externaltools.gnu-tools-for-stm32.12.3.rel1.win32_1.1.0.202410251130/tools/bin/../lib/gcc/arm-none-eabi/12.3.1/../../../../arm-none-eabi/lib/thumb/v7e-m+dp/hard\libm.a(libm_a-k_sin.o)
                0x08007398                __kernel_sin
 .text.__ieee754_rem_pio2
                0x08007448      0x288 C:/ST/STM32CubeIDE_1.16.1/STM32CubeIDE/plugins/com.st.stm32cube.ide.mcu.externaltools.gnu-tools-for-stm32.12.3.rel1.win32_1.1.0.202410251130/tools/bin/../lib/gcc/arm-none-eabi/12.3.1/../../../../arm-none-eabi/lib/thumb/v7e-m+dp/hard\libm.a(libm_a-e_rem_pio2.o)
                0x08007448                __ieee754_rem_pio2
 .text.fabs     0x080076d0       0x10 C:/ST/STM32CubeIDE_1.16.1/STM32CubeIDE/plugins/com.st.stm32cube.ide.mcu.externaltools.gnu-tools-for-stm32.12.3.rel1.win32_1.1.0.202410251130/tools/bin/../lib/gcc/arm-none-eabi/12.3.1/../../../../arm-none-eabi/lib/thumb/v7e-m+dp/hard\libm.a(libm_a-s_fabs.o)
                0x080076d0                fabs
 .text.__kernel_rem_pio2
                0x080076e0      0x4f8 C:/ST/STM32CubeIDE_1.16.1/STM32CubeIDE/plugins/com.st.stm32cube.ide.mcu.externaltools.gnu-tools-for-stm32.12.3.rel1.win32_1.1.0.202410251130/tools/bin/../lib/gcc/arm-none-eabi/12.3.1/../../../../arm-none-eabi/lib/thumb/v7e-m+dp/hard\libm.a(libm_a-k_rem_pio2.o)
                0x080076e0                __kernel_rem_pio2
 .text.scalbn   0x08007bd8       0xfc C:/ST/STM32CubeIDE_1.16.1/STM32CubeIDE/plugins/com.st.stm32cube.ide.mcu.externaltools.gnu-tools-for-stm32.12.3.rel1.win32_1.1.0.202410251130/tools/bin/../lib/gcc/arm-none-eabi/12.3.1/../../../../arm-none-eabi/lib/thumb/v7e-m+dp/hard\libm.a(libm_a-s_scalbn.o)
                0x08007bd8                scalbn
 *fill*         0x08007cd4        0x4 
 .text.floor    0x08007cd8       0xf0 C:/ST/STM32CubeIDE_1.16.1/STM32CubeIDE/plugins/com.st.stm32cube.ide.mcu.externaltools.gnu-tools-for-stm32.12.3.rel1.win32_1.1.0.202410251130/tools/bin/../lib/gcc/arm-none-eabi/12.3.1/../../../../arm-none-eabi/lib/thumb/v7e-m+dp/hard\libm.a(libm_a-s_floor.o)
                0x08007cd8                floor
 *(.glue_7)
 .glue_7        0x08007dc8        0x0 linker stubs
 *(.glue_7t)
 .glue_7t       0x08007dc8        0x0 linker stubs
 *(.eh_frame)
 .eh_frame      0x08007dc8        0x0 C:/ST/STM32CubeIDE_1.16.1/STM32CubeIDE/plugins/com.st.stm32cube.ide.mcu.externaltools.gnu-tools-for-stm32.12.3.rel1.win32_1.1.0.202410251130/tools/bin/../lib/gcc/arm-none-eabi/12.3.1/thumb/v7e-m+dp/hard/crtbegin.o
 *(.init)
 .init          0x08007dc8        0x4 C:/ST/STM32CubeIDE_1.16.1/STM32CubeIDE/plugins/com.st.stm32cube.ide.mcu.externaltools.gnu-tools-for-stm32.12.3.rel1.win32_1.1.0.202410251130/tools/bin/../lib/gcc/arm-none-eabi/12.3.1/thumb/v7e-m+dp/hard/crti.o
                0x08007dc8                _init
 .init          0x08007dcc        0x8 C:/ST/STM32CubeIDE_1.16.1/STM32CubeIDE/plugins/com.st.stm32cube.ide.mcu.externaltools.gnu-tools-for-stm32.12.3.rel1.win32_1.1.0.202410251130/tools/bin/../lib/gcc/arm-none-eabi/12.3.1/thumb/v7e-m+dp/hard/crtn.o
 *(.fini)
 .fini          0x08007dd4        0x4 C:/ST/STM32CubeIDE_1.16.1/STM32CubeIDE/plugins/com.st.stm32cube.ide.mcu.externaltools.gnu-tools-for-stm32.12.3.rel1.win32_1.1.0.202410251130/tools/bin/../lib/gcc/arm-none-eabi/12.3.1/thumb/v7e-m+dp/hard/crti.o
                0x08007dd4                _fini
 .fini          0x08007dd8        0x8 C:/ST/STM32CubeIDE_1.16.1/STM32CubeIDE/plugins/com.st.stm32cube.ide.mcu.externaltools.gnu-tools-for-stm32.12.3.rel1.win32_1.1.0.202410251130/tools/bin/../lib/gcc/arm-none-eabi/12.3.1/thumb/v7e-m+dp/hard/crtn.o
                0x08007de0                        . = ALIGN (0x4)
                0x08007de0                        _etext = .

.vfp11_veneer   0x08007de0        0x0
 .vfp11_veneer  0x08007de0        0x0 linker stubs

.v4_bx          0x08007de0        0x0
 .v4_bx         0x08007de0        0x0 linker stubs

.iplt           0x08007de0        0x0
 .iplt          0x08007de0        0x0 C:/ST/STM32CubeIDE_1.16.1/STM32CubeIDE/plugins/com.st.stm32cube.ide.mcu.externaltools.gnu-tools-for-stm32.12.3.rel1.win32_1.1.0.202410251130/tools/bin/../lib/gcc/arm-none-eabi/12.3.1/thumb/v7e-m+dp/hard/crtbegin.o

.rodata         0x08007de0      0x228
                0x08007de0                        . = ALIGN (0x4)
 *(.rodata)
 .rodata        0x08007de0        0x3 ./Core/Src/main.o
 *(.rodata*)
 *fill*         0x08007de3        0x1 
 .rodata.AHBPrescTable
                0x08007de4       0x10 ./Core/Src/system_stm32f7xx.o
                0x08007de4                AHBPrescTable
 .rodata.APBPrescTable
                0x08007df4        0x8 ./Core/Src/system_stm32f7xx.o
                0x08007df4                APBPrescTable
 .rodata._svfprintf_r.str1.1
                0x08007dfc       0x11 C:/ST/STM32CubeIDE_1.16.1/STM32CubeIDE/plugins/com.st.stm32cube.ide.mcu.externaltools.gnu-tools-for-stm32.12.3.rel1.win32_1.1.0.202410251130/tools/bin/../lib/gcc/arm-none-eabi/12.3.1/../../../../arm-none-eabi/lib/thumb/v7e-m+dp/hard\libc_nano.a(libc_a-nano-svfprintf.o)
 .rodata._printf_i.str1.1
                0x08007e0d       0x22 C:/ST/STM32CubeIDE_1.16.1/STM32CubeIDE/plugins/com.st.stm32cube.ide.mcu.externaltools.gnu-tools-for-stm32.12.3.rel1.win32_1.1.0.202410251130/tools/bin/../lib/gcc/arm-none-eabi/12.3.1/../../../../arm-none-eabi/lib/thumb/v7e-m+dp/hard\libc_nano.a(libc_a-nano-vfprintf_i.o)
 *fill*         0x08007e2f        0x1 
 .rodata.npio2_hw
                0x08007e30       0x80 C:/ST/STM32CubeIDE_1.16.1/STM32CubeIDE/plugins/com.st.stm32cube.ide.mcu.externaltools.gnu-tools-for-stm32.12.3.rel1.win32_1.1.0.202410251130/tools/bin/../lib/gcc/arm-none-eabi/12.3.1/../../../../arm-none-eabi/lib/thumb/v7e-m+dp/hard\libm.a(libm_a-e_rem_pio2.o)
 .rodata.two_over_pi
                0x08007eb0      0x108 C:/ST/STM32CubeIDE_1.16.1/STM32CubeIDE/plugins/com.st.stm32cube.ide.mcu.externaltools.gnu-tools-for-stm32.12.3.rel1.win32_1.1.0.202410251130/tools/bin/../lib/gcc/arm-none-eabi/12.3.1/../../../../arm-none-eabi/lib/thumb/v7e-m+dp/hard\libm.a(libm_a-e_rem_pio2.o)
 .rodata.PIo2   0x08007fb8       0x40 C:/ST/STM32CubeIDE_1.16.1/STM32CubeIDE/plugins/com.st.stm32cube.ide.mcu.externaltools.gnu-tools-for-stm32.12.3.rel1.win32_1.1.0.202410251130/tools/bin/../lib/gcc/arm-none-eabi/12.3.1/../../../../arm-none-eabi/lib/thumb/v7e-m+dp/hard\libm.a(libm_a-k_rem_pio2.o)
 .rodata.init_jk
                0x08007ff8       0x10 C:/ST/STM32CubeIDE_1.16.1/STM32CubeIDE/plugins/com.st.stm32cube.ide.mcu.externaltools.gnu-tools-for-stm32.12.3.rel1.win32_1.1.0.202410251130/tools/bin/../lib/gcc/arm-none-eabi/12.3.1/../../../../arm-none-eabi/lib/thumb/v7e-m+dp/hard\libm.a(libm_a-k_rem_pio2.o)
                0x08008008                        . = ALIGN (0x4)

.ARM.extab      0x08008008        0x0
                0x08008008                        . = ALIGN (0x4)
 *(.ARM.extab* .gnu.linkonce.armextab.*)
                0x08008008                        . = ALIGN (0x4)

.ARM            0x08008008        0x8
                0x08008008                        . = ALIGN (0x4)
                0x08008008                        __exidx_start = .
 *(.ARM.exidx*)
 .ARM.exidx     0x08008008        0x8 C:/ST/STM32CubeIDE_1.16.1/STM32CubeIDE/plugins/com.st.stm32cube.ide.mcu.externaltools.gnu-tools-for-stm32.12.3.rel1.win32_1.1.0.202410251130/tools/bin/../lib/gcc/arm-none-eabi/12.3.1/../../../../arm-none-eabi/lib/thumb/v7e-m+dp/hard\libc_nano.a(libc_a-memchr.o)
 .ARM.exidx     0x08008010        0x0 C:/ST/STM32CubeIDE_1.16.1/STM32CubeIDE/plugins/com.st.stm32cube.ide.mcu.externaltools.gnu-tools-for-stm32.12.3.rel1.win32_1.1.0.202410251130/tools/bin/../lib/gcc/arm-none-eabi/12.3.1/thumb/v7e-m+dp/hard\libgcc.a(_udivmoddi4.o)
                                  0x8 (size before relaxing)
                0x08008010                        __exidx_end = .
                0x08008010                        . = ALIGN (0x4)

.preinit_array  0x08008010        0x0
                0x08008010                        . = ALIGN (0x4)
                0x08008010                        PROVIDE (__preinit_array_start = .)
 *(.preinit_array*)
                0x08008010                        PROVIDE (__preinit_array_end = .)
                0x08008010                        . = ALIGN (0x4)

.init_array     0x08008010        0x4
                0x08008010                        . = ALIGN (0x4)
                0x08008010                        PROVIDE (__init_array_start = .)
 *(SORT_BY_NAME(.init_array.*))
 *(.init_array*)
 .init_array    0x08008010        0x4 C:/ST/STM32CubeIDE_1.16.1/STM32CubeIDE/plugins/com.st.stm32cube.ide.mcu.externaltools.gnu-tools-for-stm32.12.3.rel1.win32_1.1.0.202410251130/tools/bin/../lib/gcc/arm-none-eabi/12.3.1/thumb/v7e-m+dp/hard/crtbegin.o
                0x08008014                        PROVIDE (__init_array_end = .)
                0x08008014                        . = ALIGN (0x4)

.fini_array     0x08008014        0x4
                0x08008014                        . = ALIGN (0x4)
                [!provide]                        PROVIDE (__fini_array_start = .)
 *(SORT_BY_NAME(.fini_array.*))
 *(.fini_array*)
 .fini_array    0x08008014        0x4 C:/ST/STM32CubeIDE_1.16.1/STM32CubeIDE/plugins/com.st.stm32cube.ide.mcu.externaltools.gnu-tools-for-stm32.12.3.rel1.win32_1.1.0.202410251130/tools/bin/../lib/gcc/arm-none-eabi/12.3.1/thumb/v7e-m+dp/hard/crtbegin.o
                [!provide]                        PROVIDE (__fini_array_end = .)
                0x08008018                        . = ALIGN (0x4)
                0x08008018                        _sidata = LOADADDR (.data)

.rel.dyn        0x08008018        0x0
 .rel.iplt      0x08008018        0x0 C:/ST/STM32CubeIDE_1.16.1/STM32CubeIDE/plugins/com.st.stm32cube.ide.mcu.externaltools.gnu-tools-for-stm32.12.3.rel1.win32_1.1.0.202410251130/tools/bin/../lib/gcc/arm-none-eabi/12.3.1/thumb/v7e-m+dp/hard/crtbegin.o

.data           0x20000000       0xe8 load address 0x08008018
                0x20000000                        . = ALIGN (0x4)
                0x20000000                        _sdata = .
 *(.data)
 *(.data*)
 .data.filter_toggles
                0x20000000        0x4 ./Core/Src/main.o
 .data.last_state_filter
                0x20000004        0x4 ./Core/Src/main.o
 .data.last_state_toggle
                0x20000008        0x4 ./Core/Src/main.o
 .data.C_index_1
                0x2000000c        0x4 ./Core/Src/main.o
 .data.C_index_2
                0x20000010        0x4 ./Core/Src/main.o
 .data.C_index_3
                0x20000014        0x4 ./Core/Src/main.o
 .data.C_index_4
                0x20000018        0x4 ./Core/Src/main.o
 .data.A_index_1
                0x2000001c        0x4 ./Core/Src/main.o
 .data.A_index_2
                0x20000020        0x4 ./Core/Src/main.o
 .data.A_index_3
                0x20000024        0x4 ./Core/Src/main.o
 .data.wet      0x20000028        0x4 ./Core/Src/main.o
                0x20000028                wet
 .data.delay    0x2000002c        0x4 ./Core/Src/main.o
                0x2000002c                delay
 .data.Cgain_1  0x20000030        0x4 ./Core/Src/main.o
                0x20000030                Cgain_1
 .data.Cgain_2  0x20000034        0x4 ./Core/Src/main.o
                0x20000034                Cgain_2
 .data.Cgain_3  0x20000038        0x4 ./Core/Src/main.o
                0x20000038                Cgain_3
 .data.Cgain_4  0x2000003c        0x4 ./Core/Src/main.o
                0x2000003c                Cgain_4
 .data.Adelay_1
                0x20000040        0x4 ./Core/Src/main.o
                0x20000040                Adelay_1
 .data.Again_1  0x20000044        0x4 ./Core/Src/main.o
                0x20000044                Again_1
 .data.Adelay_2
                0x20000048        0x4 ./Core/Src/main.o
                0x20000048                Adelay_2
 .data.Again_2  0x2000004c        0x4 ./Core/Src/main.o
                0x2000004c                Again_2
 .data.Adelay_3
                0x20000050        0x4 ./Core/Src/main.o
                0x20000050                Adelay_3
 .data.Again_3  0x20000054        0x4 ./Core/Src/main.o
                0x20000054                Again_3
 .data.Cdelay_1
                0x20000058        0x4 ./Core/Src/main.o
                0x20000058                Cdelay_1
 .data.Cdelay_2
                0x2000005c        0x4 ./Core/Src/main.o
                0x2000005c                Cdelay_2
 .data.Cdelay_3
                0x20000060        0x4 ./Core/Src/main.o
                0x20000060                Cdelay_3
 .data.Cdelay_4
                0x20000064        0x4 ./Core/Src/main.o
                0x20000064                Cdelay_4
 .data.Fs       0x20000068        0x4 ./Core/Src/main.o
                0x20000068                Fs
 .data.LPF_f0   0x2000006c        0x4 ./Core/Src/main.o
                0x2000006c                LPF_f0
 .data.LPF_Q    0x20000070        0x4 ./Core/Src/main.o
                0x20000070                LPF_Q
 .data.HPF_f0   0x20000074        0x4 ./Core/Src/main.o
                0x20000074                HPF_f0
 .data.HPF_Q    0x20000078        0x4 ./Core/Src/main.o
                0x20000078                HPF_Q
 .data.NCH1_f0  0x2000007c        0x4 ./Core/Src/main.o
                0x2000007c                NCH1_f0
 .data.NCH1_Q   0x20000080        0x4 ./Core/Src/main.o
                0x20000080                NCH1_Q
 .data.PKG_f0   0x20000084        0x4 ./Core/Src/main.o
                0x20000084                PKG_f0
 .data.PKG_Q    0x20000088        0x4 ./Core/Src/main.o
                0x20000088                PKG_Q
 .data.SystemCoreClock
                0x2000008c        0x4 ./Core/Src/system_stm32f7xx.o
                0x2000008c                SystemCoreClock
 .data.uwTickPrio
                0x20000090        0x4 ./Drivers/STM32F7xx_HAL_Driver/Src/stm32f7xx_hal.o
                0x20000090                uwTickPrio
 .data.uwTickFreq
                0x20000094        0x1 ./Drivers/STM32F7xx_HAL_Driver/Src/stm32f7xx_hal.o
                0x20000094                uwTickFreq
 *fill*         0x20000095        0x3 
 .data._impure_ptr
                0x20000098        0x4 C:/ST/STM32CubeIDE_1.16.1/STM32CubeIDE/plugins/com.st.stm32cube.ide.mcu.externaltools.gnu-tools-for-stm32.12.3.rel1.win32_1.1.0.202410251130/tools/bin/../lib/gcc/arm-none-eabi/12.3.1/../../../../arm-none-eabi/lib/thumb/v7e-m+dp/hard\libc_nano.a(libc_a-impure.o)
                0x20000098                _impure_ptr
 .data._impure_data
                0x2000009c       0x4c C:/ST/STM32CubeIDE_1.16.1/STM32CubeIDE/plugins/com.st.stm32cube.ide.mcu.externaltools.gnu-tools-for-stm32.12.3.rel1.win32_1.1.0.202410251130/tools/bin/../lib/gcc/arm-none-eabi/12.3.1/../../../../arm-none-eabi/lib/thumb/v7e-m+dp/hard\libc_nano.a(libc_a-impure.o)
                0x2000009c                _impure_data
 *(.RamFunc)
 *(.RamFunc*)
                0x200000e8                        . = ALIGN (0x4)
                0x200000e8                        _edata = .

.igot.plt       0x200000e8        0x0 load address 0x08008100
 .igot.plt      0x200000e8        0x0 C:/ST/STM32CubeIDE_1.16.1/STM32CubeIDE/plugins/com.st.stm32cube.ide.mcu.externaltools.gnu-tools-for-stm32.12.3.rel1.win32_1.1.0.202410251130/tools/bin/../lib/gcc/arm-none-eabi/12.3.1/thumb/v7e-m+dp/hard/crtbegin.o
                0x200000e8                        . = ALIGN (0x4)

.bss            0x200000e8     0x7394 load address 0x08008100
                0x200000e8                        _sbss = .
                0x200000e8                        __bss_start__ = _sbss
 *(.bss)
 .bss           0x200000e8       0x1c C:/ST/STM32CubeIDE_1.16.1/STM32CubeIDE/plugins/com.st.stm32cube.ide.mcu.externaltools.gnu-tools-for-stm32.12.3.rel1.win32_1.1.0.202410251130/tools/bin/../lib/gcc/arm-none-eabi/12.3.1/thumb/v7e-m+dp/hard/crtbegin.o
 *(.bss*)
 .bss.hadc1     0x20000104       0x48 ./Core/Src/main.o
                0x20000104                hadc1
 .bss.hdac      0x2000014c       0x14 ./Core/Src/main.o
                0x2000014c                hdac
 .bss.htim1     0x20000160       0x4c ./Core/Src/main.o
                0x20000160                htim1
 .bss.htim2     0x200001ac       0x4c ./Core/Src/main.o
                0x200001ac                htim2
 .bss.htim3     0x200001f8       0x4c ./Core/Src/main.o
                0x200001f8                htim3
 .bss.htim4     0x20000244       0x4c ./Core/Src/main.o
                0x20000244                htim4
 .bss.htim6     0x20000290       0x4c ./Core/Src/main.o
                0x20000290                htim6
 .bss.htim8     0x200002dc       0x4c ./Core/Src/main.o
                0x200002dc                htim8
 .bss.huart3    0x20000328       0x88 ./Core/Src/main.o
                0x20000328                huart3
 .bss.y         0x200003b0        0xc ./Core/Src/main.o
 .bss.x         0x200003bc        0xc ./Core/Src/main.o
 .bss.h1        0x200003c8        0xc ./Core/Src/main.o
 .bss.h2        0x200003d4        0xc ./Core/Src/main.o
 .bss.h3        0x200003e0        0xc ./Core/Src/main.o
 .bss.z         0x200003ec        0xc ./Core/Src/main.o
 .bss.filter_count
                0x200003f8        0x4 ./Core/Src/main.o
 .bss.Csum      0x200003fc        0x4 ./Core/Src/main.o
                0x200003fc                Csum
 .bss.Aout_1    0x20000400        0x4 ./Core/Src/main.o
                0x20000400                Aout_1
 .bss.Aout_2    0x20000404        0x4 ./Core/Src/main.o
                0x20000404                Aout_2
 .bss.Aout_3    0x20000408        0x4 ./Core/Src/main.o
                0x20000408                Aout_3
 .bss.Cout_1    0x2000040c        0x4 ./Core/Src/main.o
                0x2000040c                Cout_1
 .bss.Cout_2    0x20000410        0x4 ./Core/Src/main.o
                0x20000410                Cout_2
 .bss.Cout_3    0x20000414        0x4 ./Core/Src/main.o
                0x20000414                Cout_3
 .bss.Cout_4    0x20000418        0x4 ./Core/Src/main.o
                0x20000418                Cout_4
 .bss.Clim_1    0x2000041c        0x4 ./Core/Src/main.o
                0x2000041c                Clim_1
 .bss.Clim_2    0x20000420        0x4 ./Core/Src/main.o
                0x20000420                Clim_2
 .bss.Clim_3    0x20000424        0x4 ./Core/Src/main.o
                0x20000424                Clim_3
 .bss.Clim_4    0x20000428        0x4 ./Core/Src/main.o
                0x20000428                Clim_4
 .bss.Alim_1    0x2000042c        0x4 ./Core/Src/main.o
                0x2000042c                Alim_1
 .bss.Alim_2    0x20000430        0x4 ./Core/Src/main.o
                0x20000430                Alim_2
 .bss.Alim_3    0x20000434        0x4 ./Core/Src/main.o
                0x20000434                Alim_3
 .bss.adc_result
                0x20000438        0x4 ./Core/Src/main.o
                0x20000438                adc_result
 .bss.Cbuff_1   0x2000043c     0x18d8 ./Core/Src/main.o
 .bss.Cbuff_2   0x20001d14     0x1570 ./Core/Src/main.o
 .bss.Cbuff_3   0x20003284     0x1bd8 ./Core/Src/main.o
 .bss.Cbuff_4   0x20004e5c     0x1ef0 ./Core/Src/main.o
 .bss.Abuff_1   0x20006d4c      0x370 ./Core/Src/main.o
 .bss.Abuff_2   0x200070bc      0x128 ./Core/Src/main.o
 .bss.Abuff_3   0x200071e4       0x54 ./Core/Src/main.o
 .bss.LPF_w0    0x20007238        0x4 ./Core/Src/main.o
                0x20007238                LPF_w0
 .bss.LPF_cos_w0
                0x2000723c        0x4 ./Core/Src/main.o
                0x2000723c                LPF_cos_w0
 .bss.LPF_sin_w0
                0x20007240        0x4 ./Core/Src/main.o
                0x20007240                LPF_sin_w0
 .bss.LPF_alpha
                0x20007244        0x4 ./Core/Src/main.o
                0x20007244                LPF_alpha
 .bss.LPF_b0    0x20007248        0x4 ./Core/Src/main.o
                0x20007248                LPF_b0
 .bss.LPF_b1    0x2000724c        0x4 ./Core/Src/main.o
                0x2000724c                LPF_b1
 .bss.LPF_b2    0x20007250        0x4 ./Core/Src/main.o
                0x20007250                LPF_b2
 .bss.LPF_a0    0x20007254        0x4 ./Core/Src/main.o
                0x20007254                LPF_a0
 .bss.LPF_a1    0x20007258        0x4 ./Core/Src/main.o
                0x20007258                LPF_a1
 .bss.LPF_a2    0x2000725c        0x4 ./Core/Src/main.o
                0x2000725c                LPF_a2
 .bss.LPF_norm_b0
                0x20007260        0x4 ./Core/Src/main.o
                0x20007260                LPF_norm_b0
 .bss.LPF_norm_b1
                0x20007264        0x4 ./Core/Src/main.o
                0x20007264                LPF_norm_b1
 .bss.LPF_norm_b2
                0x20007268        0x4 ./Core/Src/main.o
                0x20007268                LPF_norm_b2
 .bss.LPF_norm_a1
                0x2000726c        0x4 ./Core/Src/main.o
                0x2000726c                LPF_norm_a1
 .bss.LPF_norm_a2
                0x20007270        0x4 ./Core/Src/main.o
                0x20007270                LPF_norm_a2
 .bss.HPF_w0    0x20007274        0x4 ./Core/Src/main.o
                0x20007274                HPF_w0
 .bss.HPF_cos_w0
                0x20007278        0x4 ./Core/Src/main.o
                0x20007278                HPF_cos_w0
 .bss.HPF_sin_w0
                0x2000727c        0x4 ./Core/Src/main.o
                0x2000727c                HPF_sin_w0
 .bss.HPF_alpha
                0x20007280        0x4 ./Core/Src/main.o
                0x20007280                HPF_alpha
 .bss.HPF_b0    0x20007284        0x4 ./Core/Src/main.o
                0x20007284                HPF_b0
 .bss.HPF_b1    0x20007288        0x4 ./Core/Src/main.o
                0x20007288                HPF_b1
 .bss.HPF_b2    0x2000728c        0x4 ./Core/Src/main.o
                0x2000728c                HPF_b2
 .bss.HPF_a0    0x20007290        0x4 ./Core/Src/main.o
                0x20007290                HPF_a0
 .bss.HPF_a1    0x20007294        0x4 ./Core/Src/main.o
                0x20007294                HPF_a1
 .bss.HPF_a2    0x20007298        0x4 ./Core/Src/main.o
                0x20007298                HPF_a2
 .bss.HPF_norm_b0
                0x2000729c        0x4 ./Core/Src/main.o
                0x2000729c                HPF_norm_b0
 .bss.HPF_norm_b1
                0x200072a0        0x4 ./Core/Src/main.o
                0x200072a0                HPF_norm_b1
 .bss.HPF_norm_b2
                0x200072a4        0x4 ./Core/Src/main.o
                0x200072a4                HPF_norm_b2
 .bss.HPF_norm_a1
                0x200072a8        0x4 ./Core/Src/main.o
                0x200072a8                HPF_norm_a1
 .bss.HPF_norm_a2
                0x200072ac        0x4 ./Core/Src/main.o
                0x200072ac                HPF_norm_a2
 .bss.NCH1_w0   0x200072b0        0x4 ./Core/Src/main.o
                0x200072b0                NCH1_w0
 .bss.NCH1_cos_w0
                0x200072b4        0x4 ./Core/Src/main.o
                0x200072b4                NCH1_cos_w0
 .bss.NCH1_sin_w0
                0x200072b8        0x4 ./Core/Src/main.o
                0x200072b8                NCH1_sin_w0
 .bss.NCH1_alpha
                0x200072bc        0x4 ./Core/Src/main.o
                0x200072bc                NCH1_alpha
 .bss.NCH1_b0   0x200072c0        0x4 ./Core/Src/main.o
                0x200072c0                NCH1_b0
 .bss.NCH1_b1   0x200072c4        0x4 ./Core/Src/main.o
                0x200072c4                NCH1_b1
 .bss.NCH1_b2   0x200072c8        0x4 ./Core/Src/main.o
                0x200072c8                NCH1_b2
 .bss.NCH1_a0   0x200072cc        0x4 ./Core/Src/main.o
                0x200072cc                NCH1_a0
 .bss.NCH1_a1   0x200072d0        0x4 ./Core/Src/main.o
                0x200072d0                NCH1_a1
 .bss.NCH1_a2   0x200072d4        0x4 ./Core/Src/main.o
                0x200072d4                NCH1_a2
 .bss.NCH1_norm_b0
                0x200072d8        0x4 ./Core/Src/main.o
                0x200072d8                NCH1_norm_b0
 .bss.NCH1_norm_b1
                0x200072dc        0x4 ./Core/Src/main.o
                0x200072dc                NCH1_norm_b1
 .bss.NCH1_norm_b2
                0x200072e0        0x4 ./Core/Src/main.o
                0x200072e0                NCH1_norm_b2
 .bss.NCH1_norm_a1
                0x200072e4        0x4 ./Core/Src/main.o
                0x200072e4                NCH1_norm_a1
 .bss.NCH1_norm_a2
                0x200072e8        0x4 ./Core/Src/main.o
                0x200072e8                NCH1_norm_a2
 .bss.PKG_w0    0x200072ec        0x4 ./Core/Src/main.o
                0x200072ec                PKG_w0
 .bss.PKG_A     0x200072f0        0x4 ./Core/Src/main.o
                0x200072f0                PKG_A
 .bss.PKG_cos_w0
                0x200072f4        0x4 ./Core/Src/main.o
                0x200072f4                PKG_cos_w0
 .bss.PKG_sin_w0
                0x200072f8        0x4 ./Core/Src/main.o
                0x200072f8                PKG_sin_w0
 .bss.PKG_alpha
                0x200072fc        0x4 ./Core/Src/main.o
                0x200072fc                PKG_alpha
 .bss.PKG_b0    0x20007300        0x4 ./Core/Src/main.o
                0x20007300                PKG_b0
 .bss.PKG_b1    0x20007304        0x4 ./Core/Src/main.o
                0x20007304                PKG_b1
 .bss.PKG_b2    0x20007308        0x4 ./Core/Src/main.o
                0x20007308                PKG_b2
 .bss.PKG_a0    0x2000730c        0x4 ./Core/Src/main.o
                0x2000730c                PKG_a0
 .bss.PKG_a1    0x20007310        0x4 ./Core/Src/main.o
                0x20007310                PKG_a1
 .bss.PKG_a2    0x20007314        0x4 ./Core/Src/main.o
                0x20007314                PKG_a2
 .bss.PKG_norm_b0
                0x20007318        0x4 ./Core/Src/main.o
                0x20007318                PKG_norm_b0
 .bss.PKG_norm_b1
                0x2000731c        0x4 ./Core/Src/main.o
                0x2000731c                PKG_norm_b1
 .bss.PKG_norm_b2
                0x20007320        0x4 ./Core/Src/main.o
                0x20007320                PKG_norm_b2
 .bss.PKG_norm_a1
                0x20007324        0x4 ./Core/Src/main.o
                0x20007324                PKG_norm_a1
 .bss.PKG_norm_a2
                0x20007328        0x4 ./Core/Src/main.o
                0x20007328                PKG_norm_a2
 .bss.__sbrk_heap_end
                0x2000732c        0x4 ./Core/Src/sysmem.o
 .bss.uwTick    0x20007330        0x4 ./Drivers/STM32F7xx_HAL_Driver/Src/stm32f7xx_hal.o
                0x20007330                uwTick
 .bss.__sf      0x20007334      0x138 C:/ST/STM32CubeIDE_1.16.1/STM32CubeIDE/plugins/com.st.stm32cube.ide.mcu.externaltools.gnu-tools-for-stm32.12.3.rel1.win32_1.1.0.202410251130/tools/bin/../lib/gcc/arm-none-eabi/12.3.1/../../../../arm-none-eabi/lib/thumb/v7e-m+dp/hard\libc_nano.a(libc_a-findfp.o)
                0x20007334                __sf
 .bss.errno     0x2000746c        0x4 C:/ST/STM32CubeIDE_1.16.1/STM32CubeIDE/plugins/com.st.stm32cube.ide.mcu.externaltools.gnu-tools-for-stm32.12.3.rel1.win32_1.1.0.202410251130/tools/bin/../lib/gcc/arm-none-eabi/12.3.1/../../../../arm-none-eabi/lib/thumb/v7e-m+dp/hard\libc_nano.a(libc_a-reent.o)
                0x2000746c                errno
 .bss.__lock___malloc_recursive_mutex
                0x20007470        0x1 C:/ST/STM32CubeIDE_1.16.1/STM32CubeIDE/plugins/com.st.stm32cube.ide.mcu.externaltools.gnu-tools-for-stm32.12.3.rel1.win32_1.1.0.202410251130/tools/bin/../lib/gcc/arm-none-eabi/12.3.1/../../../../arm-none-eabi/lib/thumb/v7e-m+dp/hard\libc_nano.a(libc_a-lock.o)
                0x20007470                __lock___malloc_recursive_mutex
 *fill*         0x20007471        0x3 
 .bss.__malloc_sbrk_start
                0x20007474        0x4 C:/ST/STM32CubeIDE_1.16.1/STM32CubeIDE/plugins/com.st.stm32cube.ide.mcu.externaltools.gnu-tools-for-stm32.12.3.rel1.win32_1.1.0.202410251130/tools/bin/../lib/gcc/arm-none-eabi/12.3.1/../../../../arm-none-eabi/lib/thumb/v7e-m+dp/hard\libc_nano.a(libc_a-mallocr.o)
                0x20007474                __malloc_sbrk_start
 .bss.__malloc_free_list
                0x20007478        0x4 C:/ST/STM32CubeIDE_1.16.1/STM32CubeIDE/plugins/com.st.stm32cube.ide.mcu.externaltools.gnu-tools-for-stm32.12.3.rel1.win32_1.1.0.202410251130/tools/bin/../lib/gcc/arm-none-eabi/12.3.1/../../../../arm-none-eabi/lib/thumb/v7e-m+dp/hard\libc_nano.a(libc_a-mallocr.o)
                0x20007478                __malloc_free_list
 *(COMMON)
                0x2000747c                        . = ALIGN (0x4)
                0x2000747c                        _ebss = .
                0x2000747c                        __bss_end__ = _ebss

._user_heap_stack
                0x2000747c      0x604 load address 0x08008100
                0x20007480                        . = ALIGN (0x8)
 *fill*         0x2000747c        0x4 
                [!provide]                        PROVIDE (end = .)
                0x20007480                        PROVIDE (_end = .)
                0x20007680                        . = (. + _Min_Heap_Size)
 *fill*         0x20007480      0x200 
                0x20007a80                        . = (. + _Min_Stack_Size)
 *fill*         0x20007680      0x400 
                0x20007a80                        . = ALIGN (0x8)

/DISCARD/
 libc.a(*)
 libm.a(*)
 libgcc.a(*)

.ARM.attributes
                0x00000000       0x2e
 *(.ARM.attributes)
 .ARM.attributes
                0x00000000       0x20 C:/ST/STM32CubeIDE_1.16.1/STM32CubeIDE/plugins/com.st.stm32cube.ide.mcu.externaltools.gnu-tools-for-stm32.12.3.rel1.win32_1.1.0.202410251130/tools/bin/../lib/gcc/arm-none-eabi/12.3.1/thumb/v7e-m+dp/hard/crti.o
 .ARM.attributes
                0x00000020       0x32 C:/ST/STM32CubeIDE_1.16.1/STM32CubeIDE/plugins/com.st.stm32cube.ide.mcu.externaltools.gnu-tools-for-stm32.12.3.rel1.win32_1.1.0.202410251130/tools/bin/../lib/gcc/arm-none-eabi/12.3.1/thumb/v7e-m+dp/hard/crtbegin.o
 .ARM.attributes
                0x00000052       0x32 ./Core/Src/main.o
 .ARM.attributes
                0x00000084       0x32 ./Core/Src/stm32f7xx_hal_msp.o
 .ARM.attributes
                0x000000b6       0x32 ./Core/Src/stm32f7xx_it.o
 .ARM.attributes
                0x000000e8       0x32 ./Core/Src/sysmem.o
 .ARM.attributes
                0x0000011a       0x32 ./Core/Src/system_stm32f7xx.o
 .ARM.attributes
                0x0000014c       0x21 ./Core/Startup/startup_stm32f767zitx.o
 .ARM.attributes
                0x0000016d       0x32 ./Drivers/STM32F7xx_HAL_Driver/Src/stm32f7xx_hal.o
 .ARM.attributes
                0x0000019f       0x32 ./Drivers/STM32F7xx_HAL_Driver/Src/stm32f7xx_hal_adc.o
 .ARM.attributes
                0x000001d1       0x32 ./Drivers/STM32F7xx_HAL_Driver/Src/stm32f7xx_hal_adc_ex.o
 .ARM.attributes
                0x00000203       0x32 ./Drivers/STM32F7xx_HAL_Driver/Src/stm32f7xx_hal_cortex.o
 .ARM.attributes
                0x00000235       0x32 ./Drivers/STM32F7xx_HAL_Driver/Src/stm32f7xx_hal_dac.o
 .ARM.attributes
                0x00000267       0x32 ./Drivers/STM32F7xx_HAL_Driver/Src/stm32f7xx_hal_dac_ex.o
 .ARM.attributes
                0x00000299       0x32 ./Drivers/STM32F7xx_HAL_Driver/Src/stm32f7xx_hal_gpio.o
 .ARM.attributes
                0x000002cb       0x32 ./Drivers/STM32F7xx_HAL_Driver/Src/stm32f7xx_hal_i2c_ex.o
 .ARM.attributes
                0x000002fd       0x32 ./Drivers/STM32F7xx_HAL_Driver/Src/stm32f7xx_hal_pwr.o
 .ARM.attributes
                0x0000032f       0x32 ./Drivers/STM32F7xx_HAL_Driver/Src/stm32f7xx_hal_pwr_ex.o
 .ARM.attributes
                0x00000361       0x32 ./Drivers/STM32F7xx_HAL_Driver/Src/stm32f7xx_hal_rcc.o
 .ARM.attributes
                0x00000393       0x32 ./Drivers/STM32F7xx_HAL_Driver/Src/stm32f7xx_hal_rcc_ex.o
 .ARM.attributes
                0x000003c5       0x32 ./Drivers/STM32F7xx_HAL_Driver/Src/stm32f7xx_hal_tim.o
 .ARM.attributes
                0x000003f7       0x32 ./Drivers/STM32F7xx_HAL_Driver/Src/stm32f7xx_hal_tim_ex.o
 .ARM.attributes
                0x00000429       0x32 ./Drivers/STM32F7xx_HAL_Driver/Src/stm32f7xx_hal_uart.o
 .ARM.attributes
                0x0000045b       0x32 C:/ST/STM32CubeIDE_1.16.1/STM32CubeIDE/plugins/com.st.stm32cube.ide.mcu.externaltools.gnu-tools-for-stm32.12.3.rel1.win32_1.1.0.202410251130/tools/bin/../lib/gcc/arm-none-eabi/12.3.1/../../../../arm-none-eabi/lib/thumb/v7e-m+dp/hard\libc_nano.a(libc_a-findfp.o)
 .ARM.attributes
                0x0000048d       0x32 C:/ST/STM32CubeIDE_1.16.1/STM32CubeIDE/plugins/com.st.stm32cube.ide.mcu.externaltools.gnu-tools-for-stm32.12.3.rel1.win32_1.1.0.202410251130/tools/bin/../lib/gcc/arm-none-eabi/12.3.1/../../../../arm-none-eabi/lib/thumb/v7e-m+dp/hard\libc_nano.a(libc_a-sprintf.o)
 .ARM.attributes
                0x000004bf       0x32 C:/ST/STM32CubeIDE_1.16.1/STM32CubeIDE/plugins/com.st.stm32cube.ide.mcu.externaltools.gnu-tools-for-stm32.12.3.rel1.win32_1.1.0.202410251130/tools/bin/../lib/gcc/arm-none-eabi/12.3.1/../../../../arm-none-eabi/lib/thumb/v7e-m+dp/hard\libc_nano.a(libc_a-memset.o)
 .ARM.attributes
                0x000004f1       0x32 C:/ST/STM32CubeIDE_1.16.1/STM32CubeIDE/plugins/com.st.stm32cube.ide.mcu.externaltools.gnu-tools-for-stm32.12.3.rel1.win32_1.1.0.202410251130/tools/bin/../lib/gcc/arm-none-eabi/12.3.1/../../../../arm-none-eabi/lib/thumb/v7e-m+dp/hard\libc_nano.a(libc_a-reent.o)
 .ARM.attributes
                0x00000523       0x32 C:/ST/STM32CubeIDE_1.16.1/STM32CubeIDE/plugins/com.st.stm32cube.ide.mcu.externaltools.gnu-tools-for-stm32.12.3.rel1.win32_1.1.0.202410251130/tools/bin/../lib/gcc/arm-none-eabi/12.3.1/../../../../arm-none-eabi/lib/thumb/v7e-m+dp/hard\libc_nano.a(libc_a-impure.o)
 .ARM.attributes
                0x00000555       0x32 C:/ST/STM32CubeIDE_1.16.1/STM32CubeIDE/plugins/com.st.stm32cube.ide.mcu.externaltools.gnu-tools-for-stm32.12.3.rel1.win32_1.1.0.202410251130/tools/bin/../lib/gcc/arm-none-eabi/12.3.1/../../../../arm-none-eabi/lib/thumb/v7e-m+dp/hard\libc_nano.a(libc_a-errno.o)
 .ARM.attributes
                0x00000587       0x32 C:/ST/STM32CubeIDE_1.16.1/STM32CubeIDE/plugins/com.st.stm32cube.ide.mcu.externaltools.gnu-tools-for-stm32.12.3.rel1.win32_1.1.0.202410251130/tools/bin/../lib/gcc/arm-none-eabi/12.3.1/../../../../arm-none-eabi/lib/thumb/v7e-m+dp/hard\libc_nano.a(libc_a-init.o)
 .ARM.attributes
                0x000005b9       0x32 C:/ST/STM32CubeIDE_1.16.1/STM32CubeIDE/plugins/com.st.stm32cube.ide.mcu.externaltools.gnu-tools-for-stm32.12.3.rel1.win32_1.1.0.202410251130/tools/bin/../lib/gcc/arm-none-eabi/12.3.1/../../../../arm-none-eabi/lib/thumb/v7e-m+dp/hard\libc_nano.a(libc_a-lock.o)
 .ARM.attributes
                0x000005eb       0x32 C:/ST/STM32CubeIDE_1.16.1/STM32CubeIDE/plugins/com.st.stm32cube.ide.mcu.externaltools.gnu-tools-for-stm32.12.3.rel1.win32_1.1.0.202410251130/tools/bin/../lib/gcc/arm-none-eabi/12.3.1/../../../../arm-none-eabi/lib/thumb/v7e-m+dp/hard\libc_nano.a(libc_a-freer.o)
 .ARM.attributes
                0x0000061d       0x32 C:/ST/STM32CubeIDE_1.16.1/STM32CubeIDE/plugins/com.st.stm32cube.ide.mcu.externaltools.gnu-tools-for-stm32.12.3.rel1.win32_1.1.0.202410251130/tools/bin/../lib/gcc/arm-none-eabi/12.3.1/../../../../arm-none-eabi/lib/thumb/v7e-m+dp/hard\libc_nano.a(libc_a-mallocr.o)
 .ARM.attributes
                0x0000064f       0x32 C:/ST/STM32CubeIDE_1.16.1/STM32CubeIDE/plugins/com.st.stm32cube.ide.mcu.externaltools.gnu-tools-for-stm32.12.3.rel1.win32_1.1.0.202410251130/tools/bin/../lib/gcc/arm-none-eabi/12.3.1/../../../../arm-none-eabi/lib/thumb/v7e-m+dp/hard\libc_nano.a(libc_a-mlock.o)
 .ARM.attributes
                0x00000681       0x32 C:/ST/STM32CubeIDE_1.16.1/STM32CubeIDE/plugins/com.st.stm32cube.ide.mcu.externaltools.gnu-tools-for-stm32.12.3.rel1.win32_1.1.0.202410251130/tools/bin/../lib/gcc/arm-none-eabi/12.3.1/../../../../arm-none-eabi/lib/thumb/v7e-m+dp/hard\libc_nano.a(libc_a-nano-svfprintf.o)
 .ARM.attributes
                0x000006b3       0x32 C:/ST/STM32CubeIDE_1.16.1/STM32CubeIDE/plugins/com.st.stm32cube.ide.mcu.externaltools.gnu-tools-for-stm32.12.3.rel1.win32_1.1.0.202410251130/tools/bin/../lib/gcc/arm-none-eabi/12.3.1/../../../../arm-none-eabi/lib/thumb/v7e-m+dp/hard\libc_nano.a(libc_a-nano-vfprintf_i.o)
 .ARM.attributes
                0x000006e5       0x32 C:/ST/STM32CubeIDE_1.16.1/STM32CubeIDE/plugins/com.st.stm32cube.ide.mcu.externaltools.gnu-tools-for-stm32.12.3.rel1.win32_1.1.0.202410251130/tools/bin/../lib/gcc/arm-none-eabi/12.3.1/../../../../arm-none-eabi/lib/thumb/v7e-m+dp/hard\libc_nano.a(libc_a-memmove.o)
 .ARM.attributes
                0x00000717       0x32 C:/ST/STM32CubeIDE_1.16.1/STM32CubeIDE/plugins/com.st.stm32cube.ide.mcu.externaltools.gnu-tools-for-stm32.12.3.rel1.win32_1.1.0.202410251130/tools/bin/../lib/gcc/arm-none-eabi/12.3.1/../../../../arm-none-eabi/lib/thumb/v7e-m+dp/hard\libc_nano.a(libc_a-sbrkr.o)
 .ARM.attributes
                0x00000749       0x1c C:/ST/STM32CubeIDE_1.16.1/STM32CubeIDE/plugins/com.st.stm32cube.ide.mcu.externaltools.gnu-tools-for-stm32.12.3.rel1.win32_1.1.0.202410251130/tools/bin/../lib/gcc/arm-none-eabi/12.3.1/../../../../arm-none-eabi/lib/thumb/v7e-m+dp/hard\libc_nano.a(libc_a-memchr.o)
 .ARM.attributes
                0x00000765       0x32 C:/ST/STM32CubeIDE_1.16.1/STM32CubeIDE/plugins/com.st.stm32cube.ide.mcu.externaltools.gnu-tools-for-stm32.12.3.rel1.win32_1.1.0.202410251130/tools/bin/../lib/gcc/arm-none-eabi/12.3.1/../../../../arm-none-eabi/lib/thumb/v7e-m+dp/hard\libc_nano.a(libc_a-memcpy-stub.o)
 .ARM.attributes
                0x00000797       0x32 C:/ST/STM32CubeIDE_1.16.1/STM32CubeIDE/plugins/com.st.stm32cube.ide.mcu.externaltools.gnu-tools-for-stm32.12.3.rel1.win32_1.1.0.202410251130/tools/bin/../lib/gcc/arm-none-eabi/12.3.1/../../../../arm-none-eabi/lib/thumb/v7e-m+dp/hard\libc_nano.a(libc_a-reallocr.o)
 .ARM.attributes
                0x000007c9       0x32 C:/ST/STM32CubeIDE_1.16.1/STM32CubeIDE/plugins/com.st.stm32cube.ide.mcu.externaltools.gnu-tools-for-stm32.12.3.rel1.win32_1.1.0.202410251130/tools/bin/../lib/gcc/arm-none-eabi/12.3.1/../../../../arm-none-eabi/lib/thumb/v7e-m+dp/hard\libc_nano.a(libc_a-msizer.o)
 .ARM.attributes
                0x000007fb       0x32 C:/ST/STM32CubeIDE_1.16.1/STM32CubeIDE/plugins/com.st.stm32cube.ide.mcu.externaltools.gnu-tools-for-stm32.12.3.rel1.win32_1.1.0.202410251130/tools/bin/../lib/gcc/arm-none-eabi/12.3.1/../../../../arm-none-eabi/lib/thumb/v7e-m+dp/hard\libm.a(libm_a-s_cos.o)
 .ARM.attributes
                0x0000082d       0x32 C:/ST/STM32CubeIDE_1.16.1/STM32CubeIDE/plugins/com.st.stm32cube.ide.mcu.externaltools.gnu-tools-for-stm32.12.3.rel1.win32_1.1.0.202410251130/tools/bin/../lib/gcc/arm-none-eabi/12.3.1/../../../../arm-none-eabi/lib/thumb/v7e-m+dp/hard\libm.a(libm_a-s_sin.o)
 .ARM.attributes
                0x0000085f       0x32 C:/ST/STM32CubeIDE_1.16.1/STM32CubeIDE/plugins/com.st.stm32cube.ide.mcu.externaltools.gnu-tools-for-stm32.12.3.rel1.win32_1.1.0.202410251130/tools/bin/../lib/gcc/arm-none-eabi/12.3.1/../../../../arm-none-eabi/lib/thumb/v7e-m+dp/hard\libm.a(libm_a-k_cos.o)
 .ARM.attributes
                0x00000891       0x32 C:/ST/STM32CubeIDE_1.16.1/STM32CubeIDE/plugins/com.st.stm32cube.ide.mcu.externaltools.gnu-tools-for-stm32.12.3.rel1.win32_1.1.0.202410251130/tools/bin/../lib/gcc/arm-none-eabi/12.3.1/../../../../arm-none-eabi/lib/thumb/v7e-m+dp/hard\libm.a(libm_a-k_sin.o)
 .ARM.attributes
                0x000008c3       0x32 C:/ST/STM32CubeIDE_1.16.1/STM32CubeIDE/plugins/com.st.stm32cube.ide.mcu.externaltools.gnu-tools-for-stm32.12.3.rel1.win32_1.1.0.202410251130/tools/bin/../lib/gcc/arm-none-eabi/12.3.1/../../../../arm-none-eabi/lib/thumb/v7e-m+dp/hard\libm.a(libm_a-e_rem_pio2.o)
 .ARM.attributes
                0x000008f5       0x32 C:/ST/STM32CubeIDE_1.16.1/STM32CubeIDE/plugins/com.st.stm32cube.ide.mcu.externaltools.gnu-tools-for-stm32.12.3.rel1.win32_1.1.0.202410251130/tools/bin/../lib/gcc/arm-none-eabi/12.3.1/../../../../arm-none-eabi/lib/thumb/v7e-m+dp/hard\libm.a(libm_a-s_fabs.o)
 .ARM.attributes
                0x00000927       0x32 C:/ST/STM32CubeIDE_1.16.1/STM32CubeIDE/plugins/com.st.stm32cube.ide.mcu.externaltools.gnu-tools-for-stm32.12.3.rel1.win32_1.1.0.202410251130/tools/bin/../lib/gcc/arm-none-eabi/12.3.1/../../../../arm-none-eabi/lib/thumb/v7e-m+dp/hard\libm.a(libm_a-k_rem_pio2.o)
 .ARM.attributes
                0x00000959       0x32 C:/ST/STM32CubeIDE_1.16.1/STM32CubeIDE/plugins/com.st.stm32cube.ide.mcu.externaltools.gnu-tools-for-stm32.12.3.rel1.win32_1.1.0.202410251130/tools/bin/../lib/gcc/arm-none-eabi/12.3.1/../../../../arm-none-eabi/lib/thumb/v7e-m+dp/hard\libm.a(libm_a-s_scalbn.o)
 .ARM.attributes
                0x0000098b       0x32 C:/ST/STM32CubeIDE_1.16.1/STM32CubeIDE/plugins/com.st.stm32cube.ide.mcu.externaltools.gnu-tools-for-stm32.12.3.rel1.win32_1.1.0.202410251130/tools/bin/../lib/gcc/arm-none-eabi/12.3.1/../../../../arm-none-eabi/lib/thumb/v7e-m+dp/hard\libm.a(libm_a-s_floor.o)
 .ARM.attributes
                0x000009bd       0x20 C:/ST/STM32CubeIDE_1.16.1/STM32CubeIDE/plugins/com.st.stm32cube.ide.mcu.externaltools.gnu-tools-for-stm32.12.3.rel1.win32_1.1.0.202410251130/tools/bin/../lib/gcc/arm-none-eabi/12.3.1/thumb/v7e-m+dp/hard\libgcc.a(_aeabi_uldivmod.o)
 .ARM.attributes
                0x000009dd       0x32 C:/ST/STM32CubeIDE_1.16.1/STM32CubeIDE/plugins/com.st.stm32cube.ide.mcu.externaltools.gnu-tools-for-stm32.12.3.rel1.win32_1.1.0.202410251130/tools/bin/../lib/gcc/arm-none-eabi/12.3.1/thumb/v7e-m+dp/hard\libgcc.a(_udivmoddi4.o)
 .ARM.attributes
                0x00000a0f       0x20 C:/ST/STM32CubeIDE_1.16.1/STM32CubeIDE/plugins/com.st.stm32cube.ide.mcu.externaltools.gnu-tools-for-stm32.12.3.rel1.win32_1.1.0.202410251130/tools/bin/../lib/gcc/arm-none-eabi/12.3.1/thumb/v7e-m+dp/hard\libgcc.a(_dvmd_tls.o)
 .ARM.attributes
                0x00000a2f       0x20 C:/ST/STM32CubeIDE_1.16.1/STM32CubeIDE/plugins/com.st.stm32cube.ide.mcu.externaltools.gnu-tools-for-stm32.12.3.rel1.win32_1.1.0.202410251130/tools/bin/../lib/gcc/arm-none-eabi/12.3.1/thumb/v7e-m+dp/hard/crtn.o
OUTPUT(ADC.elf elf32-littlearm)
LOAD linker stubs
LOAD C:/ST/STM32CubeIDE_1.16.1/STM32CubeIDE/plugins/com.st.stm32cube.ide.mcu.externaltools.gnu-tools-for-stm32.12.3.rel1.win32_1.1.0.202410251130/tools/bin/../lib/gcc/arm-none-eabi/12.3.1/../../../../arm-none-eabi/lib/thumb/v7e-m+dp/hard\libc.a
LOAD C:/ST/STM32CubeIDE_1.16.1/STM32CubeIDE/plugins/com.st.stm32cube.ide.mcu.externaltools.gnu-tools-for-stm32.12.3.rel1.win32_1.1.0.202410251130/tools/bin/../lib/gcc/arm-none-eabi/12.3.1/../../../../arm-none-eabi/lib/thumb/v7e-m+dp/hard\libm.a
LOAD C:/ST/STM32CubeIDE_1.16.1/STM32CubeIDE/plugins/com.st.stm32cube.ide.mcu.externaltools.gnu-tools-for-stm32.12.3.rel1.win32_1.1.0.202410251130/tools/bin/../lib/gcc/arm-none-eabi/12.3.1/thumb/v7e-m+dp/hard\libgcc.a

.debug_info     0x00000000    0x144b9
 .debug_info    0x00000000     0x2550 ./Core/Src/main.o
 .debug_info    0x00002550     0x1a25 ./Core/Src/stm32f7xx_hal_msp.o
 .debug_info    0x00003f75      0xb72 ./Core/Src/stm32f7xx_it.o
 .debug_info    0x00004ae7      0x168 ./Core/Src/sysmem.o
 .debug_info    0x00004c4f      0x6ed ./Core/Src/system_stm32f7xx.o
 .debug_info    0x0000533c       0x30 ./Core/Startup/startup_stm32f767zitx.o
 .debug_info    0x0000536c      0xa4c ./Drivers/STM32F7xx_HAL_Driver/Src/stm32f7xx_hal.o
 .debug_info    0x00005db8      0xc83 ./Drivers/STM32F7xx_HAL_Driver/Src/stm32f7xx_hal_adc.o
 .debug_info    0x00006a3b      0xaed ./Drivers/STM32F7xx_HAL_Driver/Src/stm32f7xx_hal_adc_ex.o
 .debug_info    0x00007528      0xfc0 ./Drivers/STM32F7xx_HAL_Driver/Src/stm32f7xx_hal_cortex.o
 .debug_info    0x000084e8      0xa01 ./Drivers/STM32F7xx_HAL_Driver/Src/stm32f7xx_hal_dac.o
 .debug_info    0x00008ee9      0x750 ./Drivers/STM32F7xx_HAL_Driver/Src/stm32f7xx_hal_dac_ex.o
 .debug_info    0x00009639      0x6f3 ./Drivers/STM32F7xx_HAL_Driver/Src/stm32f7xx_hal_gpio.o
 .debug_info    0x00009d2c      0x92e ./Drivers/STM32F7xx_HAL_Driver/Src/stm32f7xx_hal_i2c_ex.o
 .debug_info    0x0000a65a      0x90e ./Drivers/STM32F7xx_HAL_Driver/Src/stm32f7xx_hal_pwr.o
 .debug_info    0x0000af68      0x8cd ./Drivers/STM32F7xx_HAL_Driver/Src/stm32f7xx_hal_pwr_ex.o
 .debug_info    0x0000b835      0x937 ./Drivers/STM32F7xx_HAL_Driver/Src/stm32f7xx_hal_rcc.o
 .debug_info    0x0000c16c      0x6e1 ./Drivers/STM32F7xx_HAL_Driver/Src/stm32f7xx_hal_rcc_ex.o
 .debug_info    0x0000c84d     0x2ad5 ./Drivers/STM32F7xx_HAL_Driver/Src/stm32f7xx_hal_tim.o
 .debug_info    0x0000f322     0x16bb ./Drivers/STM32F7xx_HAL_Driver/Src/stm32f7xx_hal_tim_ex.o
 .debug_info    0x000109dd     0x3adc ./Drivers/STM32F7xx_HAL_Driver/Src/stm32f7xx_hal_uart.o

.debug_abbrev   0x00000000     0x2b38
 .debug_abbrev  0x00000000      0x3a4 ./Core/Src/main.o
 .debug_abbrev  0x000003a4      0x264 ./Core/Src/stm32f7xx_hal_msp.o
 .debug_abbrev  0x00000608      0x1a7 ./Core/Src/stm32f7xx_it.o
 .debug_abbrev  0x000007af       0xbc ./Core/Src/sysmem.o
 .debug_abbrev  0x0000086b      0x13b ./Core/Src/system_stm32f7xx.o
 .debug_abbrev  0x000009a6       0x24 ./Core/Startup/startup_stm32f767zitx.o
 .debug_abbrev  0x000009ca      0x213 ./Drivers/STM32F7xx_HAL_Driver/Src/stm32f7xx_hal.o
 .debug_abbrev  0x00000bdd      0x252 ./Drivers/STM32F7xx_HAL_Driver/Src/stm32f7xx_hal_adc.o
 .debug_abbrev  0x00000e2f      0x270 ./Drivers/STM32F7xx_HAL_Driver/Src/stm32f7xx_hal_adc_ex.o
 .debug_abbrev  0x0000109f      0x31e ./Drivers/STM32F7xx_HAL_Driver/Src/stm32f7xx_hal_cortex.o
 .debug_abbrev  0x000013bd      0x1fa ./Drivers/STM32F7xx_HAL_Driver/Src/stm32f7xx_hal_dac.o
 .debug_abbrev  0x000015b7      0x1ef ./Drivers/STM32F7xx_HAL_Driver/Src/stm32f7xx_hal_dac_ex.o
 .debug_abbrev  0x000017a6      0x1d4 ./Drivers/STM32F7xx_HAL_Driver/Src/stm32f7xx_hal_gpio.o
 .debug_abbrev  0x0000197a      0x19c ./Drivers/STM32F7xx_HAL_Driver/Src/stm32f7xx_hal_i2c_ex.o
 .debug_abbrev  0x00001b16      0x1c5 ./Drivers/STM32F7xx_HAL_Driver/Src/stm32f7xx_hal_pwr.o
 .debug_abbrev  0x00001cdb      0x1d5 ./Drivers/STM32F7xx_HAL_Driver/Src/stm32f7xx_hal_pwr_ex.o
 .debug_abbrev  0x00001eb0      0x2de ./Drivers/STM32F7xx_HAL_Driver/Src/stm32f7xx_hal_rcc.o
 .debug_abbrev  0x0000218e      0x1c9 ./Drivers/STM32F7xx_HAL_Driver/Src/stm32f7xx_hal_rcc_ex.o
 .debug_abbrev  0x00002357      0x278 ./Drivers/STM32F7xx_HAL_Driver/Src/stm32f7xx_hal_tim.o
 .debug_abbrev  0x000025cf      0x283 ./Drivers/STM32F7xx_HAL_Driver/Src/stm32f7xx_hal_tim_ex.o
 .debug_abbrev  0x00002852      0x2e6 ./Drivers/STM32F7xx_HAL_Driver/Src/stm32f7xx_hal_uart.o

.debug_aranges  0x00000000     0x1140
 .debug_aranges
                0x00000000       0xe0 ./Core/Src/main.o
 .debug_aranges
                0x000000e0       0x70 ./Core/Src/stm32f7xx_hal_msp.o
 .debug_aranges
                0x00000150       0x78 ./Core/Src/stm32f7xx_it.o
 .debug_aranges
                0x000001c8       0x20 ./Core/Src/sysmem.o
 .debug_aranges
                0x000001e8       0x28 ./Core/Src/system_stm32f7xx.o
 .debug_aranges
                0x00000210       0x28 ./Core/Startup/startup_stm32f767zitx.o
 .debug_aranges
                0x00000238      0x110 ./Drivers/STM32F7xx_HAL_Driver/Src/stm32f7xx_hal.o
 .debug_aranges
                0x00000348       0xe8 ./Drivers/STM32F7xx_HAL_Driver/Src/stm32f7xx_hal_adc.o
 .debug_aranges
                0x00000430       0x90 ./Drivers/STM32F7xx_HAL_Driver/Src/stm32f7xx_hal_adc_ex.o
 .debug_aranges
                0x000004c0      0x128 ./Drivers/STM32F7xx_HAL_Driver/Src/stm32f7xx_hal_cortex.o
 .debug_aranges
                0x000005e8       0xc0 ./Drivers/STM32F7xx_HAL_Driver/Src/stm32f7xx_hal_dac.o
 .debug_aranges
                0x000006a8       0x80 ./Drivers/STM32F7xx_HAL_Driver/Src/stm32f7xx_hal_dac_ex.o
 .debug_aranges
                0x00000728       0x58 ./Drivers/STM32F7xx_HAL_Driver/Src/stm32f7xx_hal_gpio.o
 .debug_aranges
                0x00000780       0x38 ./Drivers/STM32F7xx_HAL_Driver/Src/stm32f7xx_hal_i2c_ex.o
 .debug_aranges
                0x000007b8       0xa0 ./Drivers/STM32F7xx_HAL_Driver/Src/stm32f7xx_hal_pwr.o
 .debug_aranges
                0x00000858       0x80 ./Drivers/STM32F7xx_HAL_Driver/Src/stm32f7xx_hal_pwr_ex.o
 .debug_aranges
                0x000008d8       0x88 ./Drivers/STM32F7xx_HAL_Driver/Src/stm32f7xx_hal_rcc.o
 .debug_aranges
                0x00000960       0x50 ./Drivers/STM32F7xx_HAL_Driver/Src/stm32f7xx_hal_rcc_ex.o
 .debug_aranges
                0x000009b0      0x3e0 ./Drivers/STM32F7xx_HAL_Driver/Src/stm32f7xx_hal_tim.o
 .debug_aranges
                0x00000d90      0x180 ./Drivers/STM32F7xx_HAL_Driver/Src/stm32f7xx_hal_tim_ex.o
 .debug_aranges
                0x00000f10      0x230 ./Drivers/STM32F7xx_HAL_Driver/Src/stm32f7xx_hal_uart.o

.debug_rnglists
                0x00000000      0xd74
 .debug_rnglists
                0x00000000       0xb6 ./Core/Src/main.o
 .debug_rnglists
                0x000000b6       0x54 ./Core/Src/stm32f7xx_hal_msp.o
 .debug_rnglists
                0x0000010a       0x55 ./Core/Src/stm32f7xx_it.o
 .debug_rnglists
                0x0000015f       0x13 ./Core/Src/sysmem.o
 .debug_rnglists
                0x00000172       0x1a ./Core/Src/system_stm32f7xx.o
 .debug_rnglists
                0x0000018c       0x19 ./Core/Startup/startup_stm32f767zitx.o
 .debug_rnglists
                0x000001a5       0xc7 ./Drivers/STM32F7xx_HAL_Driver/Src/stm32f7xx_hal.o
 .debug_rnglists
                0x0000026c       0xb5 ./Drivers/STM32F7xx_HAL_Driver/Src/stm32f7xx_hal_adc.o
 .debug_rnglists
                0x00000321       0x71 ./Drivers/STM32F7xx_HAL_Driver/Src/stm32f7xx_hal_adc_ex.o
 .debug_rnglists
                0x00000392       0xda ./Drivers/STM32F7xx_HAL_Driver/Src/stm32f7xx_hal_cortex.o
 .debug_rnglists
                0x0000046c       0x90 ./Drivers/STM32F7xx_HAL_Driver/Src/stm32f7xx_hal_dac.o
 .debug_rnglists
                0x000004fc       0x5c ./Drivers/STM32F7xx_HAL_Driver/Src/stm32f7xx_hal_dac_ex.o
 .debug_rnglists
                0x00000558       0x3f ./Drivers/STM32F7xx_HAL_Driver/Src/stm32f7xx_hal_gpio.o
 .debug_rnglists
                0x00000597       0x27 ./Drivers/STM32F7xx_HAL_Driver/Src/stm32f7xx_hal_i2c_ex.o
 .debug_rnglists
                0x000005be       0x74 ./Drivers/STM32F7xx_HAL_Driver/Src/stm32f7xx_hal_pwr.o
 .debug_rnglists
                0x00000632       0x5f ./Drivers/STM32F7xx_HAL_Driver/Src/stm32f7xx_hal_pwr_ex.o
 .debug_rnglists
                0x00000691       0x67 ./Drivers/STM32F7xx_HAL_Driver/Src/stm32f7xx_hal_rcc.o
 .debug_rnglists
                0x000006f8       0x3c ./Drivers/STM32F7xx_HAL_Driver/Src/stm32f7xx_hal_rcc_ex.o
 .debug_rnglists
                0x00000734      0x328 ./Drivers/STM32F7xx_HAL_Driver/Src/stm32f7xx_hal_tim.o
 .debug_rnglists
                0x00000a5c      0x138 ./Drivers/STM32F7xx_HAL_Driver/Src/stm32f7xx_hal_tim_ex.o
 .debug_rnglists
                0x00000b94      0x1e0 ./Drivers/STM32F7xx_HAL_Driver/Src/stm32f7xx_hal_uart.o

.debug_macro    0x00000000    0x29579
 .debug_macro   0x00000000      0x321 ./Core/Src/main.o
 .debug_macro   0x00000321      0xacc ./Core/Src/main.o
 .debug_macro   0x00000ded      0x29f ./Core/Src/main.o
 .debug_macro   0x0000108c       0x2e ./Core/Src/main.o
 .debug_macro   0x000010ba       0x3b ./Core/Src/main.o
 .debug_macro   0x000010f5       0x22 ./Core/Src/main.o
 .debug_macro   0x00001117       0x8e ./Core/Src/main.o
 .debug_macro   0x000011a5       0x51 ./Core/Src/main.o
 .debug_macro   0x000011f6      0x103 ./Core/Src/main.o
 .debug_macro   0x000012f9       0x6a ./Core/Src/main.o
 .debug_macro   0x00001363      0x1df ./Core/Src/main.o
 .debug_macro   0x00001542       0x1c ./Core/Src/main.o
 .debug_macro   0x0000155e       0x22 ./Core/Src/main.o
 .debug_macro   0x00001580       0xd9 ./Core/Src/main.o
 .debug_macro   0x00001659     0x12cd ./Core/Src/main.o
 .debug_macro   0x00002926      0x11f ./Core/Src/main.o
 .debug_macro   0x00002a45       0x19 ./Core/Src/main.o
 .debug_macro   0x00002a5e    0x1aa23 ./Core/Src/main.o
 .debug_macro   0x0001d481       0x6d ./Core/Src/main.o
 .debug_macro   0x0001d4ee     0x3765 ./Core/Src/main.o
 .debug_macro   0x00020c53      0x189 ./Core/Src/main.o
 .debug_macro   0x00020ddc       0x63 ./Core/Src/main.o
 .debug_macro   0x00020e3f     0x1add ./Core/Src/main.o
 .debug_macro   0x0002291c      0x6c4 ./Core/Src/main.o
 .debug_macro   0x00022fe0      0x18b ./Core/Src/main.o
 .debug_macro   0x0002316b      0x115 ./Core/Src/main.o
 .debug_macro   0x00023280      0x26e ./Core/Src/main.o
 .debug_macro   0x000234ee       0xa5 ./Core/Src/main.o
 .debug_macro   0x00023593      0x24f ./Core/Src/main.o
 .debug_macro   0x000237e2       0x71 ./Core/Src/main.o
 .debug_macro   0x00023853       0x58 ./Core/Src/main.o
 .debug_macro   0x000238ab      0x236 ./Core/Src/main.o
 .debug_macro   0x00023ae1      0x416 ./Core/Src/main.o
 .debug_macro   0x00023ef7      0x153 ./Core/Src/main.o
 .debug_macro   0x0002404a      0x107 ./Core/Src/main.o
 .debug_macro   0x00024151      0x122 ./Core/Src/main.o
 .debug_macro   0x00024273       0xa6 ./Core/Src/main.o
 .debug_macro   0x00024319      0x14e ./Core/Src/main.o
 .debug_macro   0x00024467      0x3db ./Core/Src/main.o
 .debug_macro   0x00024842       0x12 ./Core/Src/main.o