../Core/Src/main.c:169:6:LPF	8	static
../Core/Src/main.c:190:6:Notch	8	static
../Core/Src/main.c:211:6:PEAK	8	static
../Core/Src/main.c:237:6:HPF	8	static
../Core/Src/main.c:261:6:Delay	4	static
../Core/Src/main.c:279:6:buttonDebouncer	16	static
../Core/Src/main.c:296:6:ProcessFilters	4	static
../Core/Src/main.c:316:6:reverb	4	static
../Core/Src/main.c:367:6:FilterToggle	8	static
../Core/Src/main.c:429:6:HAL_TIM_PeriodElapsedCallback	120	static
../Core/Src/main.c:442:6:HAL_ADC_ConvCpltCallback	16	static
../Core/Src/main.c:480:6:ADC1_IRQHandler	8	static
../Core/Src/main.c:509:5:main	8	static
../Core/Src/main.c:582:6:SystemClock_Config	88	static
../Core/Src/main.c:640:13:MX_ADC1_Init	24	static
../Core/Src/main.c:692:13:MX_DAC_Init	16	static
../Core/Src/main.c:732:13:MX_TIM1_Init	56	static
../Core/Src/main.c:783:13:MX_TIM2_Init	56	static
../Core/Src/main.c:832:13:MX_TIM3_Init	56	static
../Core/Src/main.c:881:13:MX_TIM4_Init	56	static
../Core/Src/main.c:930:13:MX_TIM6_Init	24	static
../Core/Src/main.c:968:13:MX_TIM8_Init	40	static
../Core/Src/main.c:1015:13:MX_USART3_UART_Init	8	static
../Core/Src/main.c:1050:13:MX_GPIO_Init	64	static
../Core/Src/main.c:1155:6:Error_Handler	4	static,ignoring_inline_asm
